#
# There is insufficient memory for the Java Runtime Environment to continue.
# Native memory allocation (mmap) failed to map 65536 bytes. Error detail: Failed to commit metaspace.
# Possible reasons:
#   The system is out of physical RAM or swap space
#   This process is running with CompressedOops enabled, and the Java Heap may be blocking the growth of the native heap
# Possible solutions:
#   Reduce memory load on the system
#   Increase physical memory or swap space
#   Check if swap backing store is full
#   Decrease Java heap size (-Xmx/-Xms)
#   Decrease number of Java threads
#   Decrease Java thread stack sizes (-Xss)
#   Set larger code cache with -XX:ReservedCodeCacheSize=
#   JVM is running with Unscaled Compressed Oops mode in which the Java heap is
#     placed in the first 4GB address space. The Java Heap base address is the
#     maximum limit for the native heap growth. Please use -XX:HeapBaseMinAddress
#     to set the Java Heap base and to place the Java Heap above 4GB virtual address.
# This output file may be truncated or incomplete.
#
#  Out of Memory Error (virtualSpaceNode.cpp:113), pid=10268, tid=14768
#
# JRE version: OpenJDK Runtime Environment Microsoft-14653896 (21.0.12+8) (build 21.0.12+8-LTS)
# Java VM: OpenJDK 64-Bit Server VM Microsoft-14653896 (21.0.12+8-LTS, mixed mode, emulated-client, sharing, tiered, compressed oops, compressed class ptrs, g1 gc, windows-amd64)
# No core dump will be written. Minidumps are not enabled by default on client versions of Windows
#

---------------  S U M M A R Y ------------

Command Line: -XX:TieredStopAtLevel=1 -Dspring.output.ansi.enabled=always -Dcom.sun.management.jmxremote -Dspring.jmx.enabled=true -Dspring.liveBeansView.mbeanDomain -Dspring.application.admin.enabled=true -Dmanagement.endpoints.jmx.exposure.include=* -javaagent:C:\Program Files\JetBrains\IntelliJ IDEA 2026.2.0.1\lib\idea_rt.jar=52169 -Dfile.encoding=UTF-8 -Dsun.stdout.encoding=UTF-8 -Dsun.stderr.encoding=UTF-8 com.example.clickrush.ClickrushApplication

Host: Intel(R) Core(TM) i3-1005G1 CPU @ 1.20GHz, 4 cores, 3G,  Windows 10 , 64 bit Build 19041 (10.0.19041.5915)
Time: Mon Aug 10 19:03:42 2026 India Standard Time elapsed time: 6.931773 seconds (0d 0h 0m 6s)

---------------  T H R E A D  ---------------

Current thread (0x00000175e1a2b060):  JavaThread "main"             [_thread_in_vm, id=14768, stack(0x0000003c10c00000,0x0000003c10d00000) (1024K)]

Stack: [0x0000003c10c00000,0x0000003c10d00000]
Native frames: (J=compiled Java code, j=interpreted, Vv=VM code, C=native code)
V  [jvm.dll+0x6e0c09]  (no source info available)
V  [jvm.dll+0x8c0e1b]  (no source info available)
V  [jvm.dll+0x8c33ad]  (no source info available)
V  [jvm.dll+0x8c3a83]  (no source info available)
V  [jvm.dll+0x28ac66]  (no source info available)
V  [jvm.dll+0x8bcb88]  (no source info available)
V  [jvm.dll+0x684ac4]  (no source info available)
V  [jvm.dll+0x1eece7]  (no source info available)
V  [jvm.dll+0x1eeaae]  (no source info available)
V  [jvm.dll+0x6873cf]  (no source info available)
V  [jvm.dll+0x687202]  (no source info available)
V  [jvm.dll+0x68549e]  (no source info available)
V  [jvm.dll+0x287b27]  (no source info available)
V  [jvm.dll+0x73a4b6]  (no source info available)
V  [jvm.dll+0x73b02f]  (no source info available)
V  [jvm.dll+0x3d610c]  (no source info available)
V  [jvm.dll+0x83b12b]  (no source info available)
V  [jvm.dll+0x484333]  (no source info available)
V  [jvm.dll+0x497966]  (no source info available)
C  [java.dll+0x167e]  (no source info available)

Java frames: (J=compiled Java code, j=interpreted, Vv=VM code)
J 1052  java.lang.ClassLoader.defineClass0(Ljava/lang/ClassLoader;Ljava/lang/Class;Ljava/lang/String;[BIILjava/security/ProtectionDomain;ZILjava/lang/Object;)Ljava/lang/Class; java.base@21.0.12 (0 bytes) @ 0x00000175ea40a83c [0x00000175ea40a740+0x00000000000000fc]
J 1827 c1 java.lang.System$2.defineClass(Ljava/lang/ClassLoader;Ljava/lang/Class;Ljava/lang/String;[BLjava/security/ProtectionDomain;ZILjava/lang/Object;)Ljava/lang/Class; java.base@21.0.12 (21 bytes) @ 0x00000175ea54f03c [0x00000175ea54efc0+0x000000000000007c]
J 1548 c1 java.lang.invoke.MethodHandles$Lookup$ClassDefiner.defineClass(ZLjava/lang/Object;)Ljava/lang/Class; java.base@21.0.12 (213 bytes) @ 0x00000175ea4e3bbc [0x00000175ea4e39a0+0x000000000000021c]
j  java.lang.invoke.InvokerBytecodeGenerator.loadMethod([B)Ljava/lang/invoke/MemberName;+22 java.base@21.0.12
J 1823 c1 java.lang.invoke.LambdaForm.compileToBytecode()V java.base@21.0.12 (164 bytes) @ 0x00000175ea54db3c [0x00000175ea54d9a0+0x000000000000019c]
J 490 c1 java.lang.invoke.LambdaForm.prepare()V java.base@21.0.12 (108 bytes) @ 0x00000175ea33d21c [0x00000175ea33d1a0+0x000000000000007c]
J 489 c1 java.lang.invoke.MethodHandle.<init>(Ljava/lang/invoke/MethodType;Ljava/lang/invoke/LambdaForm;)V java.base@21.0.12 (37 bytes) @ 0x00000175ea33c8ac [0x00000175ea33c7e0+0x00000000000000cc]
J 952 c1 java.lang.invoke.BoundMethodHandle.<init>(Ljava/lang/invoke/MethodType;Ljava/lang/invoke/LambdaForm;)V java.base@21.0.12 (32 bytes) @ 0x00000175ea3e381c [0x00000175ea3e37c0+0x000000000000005c]
J 2124 c1 java.lang.invoke.BoundMethodHandle$Species_LL.make(Ljava/lang/invoke/MethodType;Ljava/lang/invoke/LambdaForm;Ljava/lang/Object;Ljava/lang/Object;)Ljava/lang/invoke/BoundMethodHandle; java.base@21.0.12 (12 bytes) @ 0x00000175ea5bbd5c [0x00000175ea5bbcc0+0x000000000000009c]
J 2123 c1 java.lang.invoke.DirectMethodHandle$Holder.invokeStatic(Ljava/lang/Object;Ljava/lang/Object;Ljava/lang/Object;Ljava/lang/Object;Ljava/lang/Object;)Ljava/lang/Object; java.base@21.0.12 (20 bytes) @ 0x00000175ea5bb924 [0x00000175ea5bb8c0+0x0000000000000064]
J 2305 c1 java.lang.invoke.BoundMethodHandle$Species_L.copyWithExtendL(Ljava/lang/invoke/MethodType;Ljava/lang/invoke/LambdaForm;Ljava/lang/Object;)Ljava/lang/invoke/BoundMethodHandle; java.base@21.0.12 (31 bytes) @ 0x00000175ea6077ec [0x00000175ea607700+0x00000000000000ec]
j  java.lang.invoke.MethodHandles.argumentsWithCombiner(ZLjava/lang/invoke/MethodHandle;ILjava/lang/invoke/MethodHandle;[I)Ljava/lang/invoke/MethodHandle;+122 java.base@21.0.12
j  java.lang.invoke.MethodHandles.filterArgumentsWithCombiner(Ljava/lang/invoke/MethodHandle;ILjava/lang/invoke/MethodHandle;[I)Ljava/lang/invoke/MethodHandle;+5 java.base@21.0.12
j  java.lang.invoke.StringConcatFactory.filterInPrependers(Ljava/lang/invoke/MethodHandle;[Ljava/lang/String;[Ljava/lang/Class;)Ljava/lang/invoke/MethodHandle;+85 java.base@21.0.12
j  java.lang.invoke.StringConcatFactory.generateMHInlineCopy(Ljava/lang/invoke/MethodType;[Ljava/lang/String;)Ljava/lang/invoke/MethodHandle;+388 java.base@21.0.12
j  java.lang.invoke.StringConcatFactory.makeConcatWithConstants(Ljava/lang/invoke/MethodHandles$Lookup;Ljava/lang/String;Ljava/lang/invoke/MethodType;Ljava/lang/String;[Ljava/lang/Object;)Ljava/lang/invoke/CallSite;+227 java.base@21.0.12
j  java.lang.invoke.DirectMethodHandle$Holder.invokeStatic(Ljava/lang/Object;Ljava/lang/Object;Ljava/lang/Object;Ljava/lang/Object;Ljava/lang/Object;Ljava/lang/Object;)Ljava/lang/Object;+18 java.base@21.0.12
j  java.lang.invoke.DelegatingMethodHandle$Holder.delegate(Ljava/lang/Object;Ljava/lang/Object;Ljava/lang/Object;Ljava/lang/Object;Ljava/lang/Object;Ljava/lang/Object;)Ljava/lang/Object;+21 java.base@21.0.12
J 1630 c1 java.lang.invoke.BootstrapMethodInvoker.invoke(Ljava/lang/Class;Ljava/lang/invoke/MethodHandle;Ljava/lang/String;Ljava/lang/Object;Ljava/lang/Object;Ljava/lang/Class;)Ljava/lang/Object; java.base@21.0.12 (974 bytes) @ 0x00000175ea50368c [0x00000175ea501da0+0x00000000000018ec]
J 1629 c1 java.lang.invoke.CallSite.makeSite(Ljava/lang/invoke/MethodHandle;Ljava/lang/String;Ljava/lang/invoke/MethodType;Ljava/lang/Object;Ljava/lang/Class;)Ljava/lang/invoke/CallSite; java.base@21.0.12 (91 bytes) @ 0x00000175ea5005b4 [0x00000175ea500560+0x0000000000000054]
J 1628 c1 java.lang.invoke.MethodHandleNatives.linkCallSiteImpl(Ljava/lang/Class;Ljava/lang/invoke/MethodHandle;Ljava/lang/String;Ljava/lang/invoke/MethodType;Ljava/lang/Object;[Ljava/lang/Object;)Ljava/lang/invoke/MemberName; java.base@21.0.12 (119 bytes) @ 0x00000175ea4ffbc4 [0x00000175ea4ffb80+0x0000000000000044]
J 1627 c1 java.lang.invoke.MethodHandleNatives.linkCallSite(Ljava/lang/Object;Ljava/lang/Object;Ljava/lang/Object;Ljava/lang/Object;Ljava/lang/Object;[Ljava/lang/Object;)Ljava/lang/invoke/MemberName; java.base@21.0.12 (65 bytes) @ 0x00000175ea4ff78c [0x00000175ea4ff660+0x000000000000012c]
v  ~StubRoutines::call_stub 0x00000175ea1610e7
j  org.springframework.boot.context.config.ConfigDataEnvironmentContributors.getImportedMessage(Ljava/util/Set;)Ljava/lang/CharSequence;+44
j  org.springframework.boot.context.config.ConfigDataEnvironmentContributors.lambda$withProcessedImports$0(Ljava/util/Map;)Ljava/lang/CharSequence;+7
j  org.springframework.boot.context.config.ConfigDataEnvironmentContributors$$Lambda+0x0000017581170210.get()Ljava/lang/Object;+8
j  org.springframework.core.log.LogMessage$SupplierMessage.buildString()Ljava/lang/String;+4
j  org.springframework.core.log.LogMessage.toString()Ljava/lang/String;+9
J 1445 c1 java.lang.String.valueOf(Ljava/lang/Object;)Ljava/lang/String; java.base@21.0.12 (15 bytes) @ 0x00000175ea4b4c04 [0x00000175ea4b4bc0+0x0000000000000044]
j  org.apache.commons.logging.impl.Slf4jLogFactory$Slf4jLocationAwareLog.log(ILjava/lang/Object;Ljava/lang/Throwable;)V+12
j  org.apache.commons.logging.impl.Slf4jLogFactory$Slf4jLocationAwareLog.trace(Ljava/lang/Object;Ljava/lang/Throwable;)V+4
j  org.springframework.boot.logging.LogLevel$$Lambda+0x00000175811088e0.log(Lorg/apache/commons/logging/Log;Ljava/lang/Object;Ljava/lang/Throwable;)V+3
j  org.springframework.boot.logging.LogLevel.log(Lorg/apache/commons/logging/Log;Ljava/lang/Object;Ljava/lang/Throwable;)V+18
j  org.springframework.boot.logging.DeferredLogs.switchOverAll()V+50
j  org.springframework.boot.support.EnvironmentPostProcessorApplicationListener.finish()V+4
j  org.springframework.boot.support.EnvironmentPostProcessorApplicationListener.onApplicationPreparedEvent()V+1
j  org.springframework.boot.support.EnvironmentPostProcessorApplicationListener.onApplicationEvent(Lorg/springframework/context/ApplicationEvent;)V+25
j  org.springframework.context.event.SimpleApplicationEventMulticaster.doInvokeListener(Lorg/springframework/context/ApplicationListener;Lorg/springframework/context/ApplicationEvent;)V+2
j  org.springframework.context.event.SimpleApplicationEventMulticaster.invokeListener(Lorg/springframework/context/ApplicationListener;Lorg/springframework/context/ApplicationEvent;)V+34
j  org.springframework.context.event.SimpleApplicationEventMulticaster.multicastEvent(Lorg/springframework/context/ApplicationEvent;Lorg/springframework/core/ResolvableType;)V+104
j  org.springframework.context.event.SimpleApplicationEventMulticaster.multicastEvent(Lorg/springframework/context/ApplicationEvent;)V+3
j  org.springframework.boot.context.event.EventPublishingRunListener.multicastInitialEvent(Lorg/springframework/context/ApplicationEvent;)V+9
j  org.springframework.boot.context.event.EventPublishingRunListener.contextLoaded(Lorg/springframework/context/ConfigurableApplicationContext;)V+80
j  org.springframework.boot.SpringApplicationRunListeners.lambda$contextLoaded$0(Lorg/springframework/context/ConfigurableApplicationContext;Lorg/springframework/boot/SpringApplicationRunListener;)V+2
j  org.springframework.boot.SpringApplicationRunListeners$$Lambda+0x000001758127dc18.accept(Ljava/lang/Object;)V+8
j  java.lang.Iterable.forEach(Ljava/util/function/Consumer;)V+30 java.base@21.0.12
j  org.springframework.boot.SpringApplicationRunListeners.doWithListeners(Ljava/lang/String;Ljava/util/function/Consumer;Ljava/util/function/Consumer;)V+17
j  org.springframework.boot.SpringApplicationRunListeners.doWithListeners(Ljava/lang/String;Ljava/util/function/Consumer;)V+4
j  org.springframework.boot.SpringApplicationRunListeners.contextLoaded(Lorg/springframework/context/ConfigurableApplicationContext;)V+9
j  org.springframework.boot.SpringApplication.prepareContext(Lorg/springframework/boot/bootstrap/DefaultBootstrapContext;Lorg/springframework/context/ConfigurableApplicationContext;Lorg/springframework/core/env/ConfigurableEnvironment;Lorg/springframework/boot/SpringApplicationRunListeners;Lorg/springframework/boot/ApplicationArguments;Lorg/springframework/boot/Banner;)V+257
j  org.springframework.boot.SpringApplication.run([Ljava/lang/String;)Lorg/springframework/context/ConfigurableApplicationContext;+107
j  org.springframework.boot.SpringApplication.run([Ljava/lang/Class;[Ljava/lang/String;)Lorg/springframework/context/ConfigurableApplicationContext;+9
j  org.springframework.boot.SpringApplication.run(Ljava/lang/Class;[Ljava/lang/String;)Lorg/springframework/context/ConfigurableApplicationContext;+9
j  com.example.clickrush.ClickrushApplication.main([Ljava/lang/String;)V+3
v  ~StubRoutines::call_stub 0x00000175ea1610e7

Compiled method (n/a) 6970 1052     n 0       java.lang.ClassLoader::defineClass0 (native)
 total in heap  [0x00000175ea40a590,0x00000175ea40ac58] = 1736
 relocation     [0x00000175ea40a6f0,0x00000175ea40a728] = 56
 main code      [0x00000175ea40a740,0x00000175ea40ac52] = 1298
 stub code      [0x00000175ea40ac52,0x00000175ea40ac58] = 6

[Constant Pool (empty)]

[MachCode]
[Entry Point]
  # {method} {0x00000175804346e8} 'defineClass0' '(Ljava/lang/ClassLoader;Ljava/lang/Class;Ljava/lang/String;[BIILjava/security/ProtectionDomain;ZILjava/lang/Object;)Ljava/lang/Class;' in 'java/lang/ClassLoader'
  # parm0:    rdx:rdx   = 'java/lang/ClassLoader'
  # parm1:    r8:r8     = 'java/lang/Class'
  # parm2:    r9:r9     = 'java/lang/String'
  # parm3:    rdi:rdi   = '[B'
  # parm4:    rsi       = int
  # parm5:    rcx       = int
  # parm6:    [sp+0xb0]   = 'java/security/ProtectionDomain'  (sp of caller)
  # parm7:    [sp+0xb8]   = boolean
  # parm8:    [sp+0xc0]   = int
  # parm9:    [sp+0xc8]   = 'java/lang/Object'
  0x00000175ea40a740: 448b 5208 | 49bb 0000 | 0080 7501 | 0000 4d03 | d349 3bc2 | 0f84 0600 

  0x00000175ea40a758: ;   {runtime_call ic_miss_stub}
  0x00000175ea40a758: 0000 e921 | 42da ff90 
[Verified Entry Point]
  0x00000175ea40a760: 8984 2400 | 80ff ff55 | 488b ec48 | 81ec a000 | 0000 6690 | 4181 7f20 | 0100 0000 

  0x00000175ea40a77c: ;   {runtime_call StubRoutines (final stubs)}
  0x00000175ea40a77c: 7405 e81d | dbd8 ff48 | 837d 2800 | 488d 4528 | 480f 4445 | 2848 8944 | 2458 4863 | 4520 4889 
  0x00000175ea40a79c: 4424 5048 | 6345 1848 | 8944 2448 | 4883 7d10 | 0048 8d45 | 1048 0f44 | 4510 4889 | 4424 4048 
  0x00000175ea40a7bc: 894c 2438 | 4889 7424 | 3048 897c | 2478 4883 | ff00 488d | 4424 7848 | 0f44 4424 | 7848 8944 
  0x00000175ea40a7dc: 2428 4c89 | 4c24 7049 | 83f9 0048 | 8d44 2470 | 480f 4444 | 2470 4889 | 4424 204c | 8944 2468 
  0x00000175ea40a7fc: 4983 f800 | 4c8d 4c24 | 684c 0f44 | 4c24 6848 | 8954 2460 | 4883 fa00 | 4c8d 4424 | 604c 0f44 
  0x00000175ea40a81c: ;   {oop(a 'java/lang/Class'{0x00000000c518f490} = 'java/lang/ClassLoader')}
  0x00000175ea40a81c: 4424 6049 | be90 f418 | c500 0000 | 004c 89b4 | 2490 0000 | 004c 8db4 | 2490 0000 | 0049 8bd6 
  0x00000175ea40a83c: ;   {internal_word}
  0x00000175ea40a83c: c5f8 7749 | ba3c a840 | ea75 0100 | 004d 8997 | a803 0000 | 4989 a7a0 

  0x00000175ea40a854: ;   {external_word}
  0x00000175ea40a854: 0300 0049 | ba28 3ee5 | 54f8 7f00 | 0041 803a | 000f 844e | 0000 0052 | 4150 4151 

  0x00000175ea40a870: ;   {metadata({method} {0x00000175804346e8} 'defineClass0' '(Ljava/lang/ClassLoader;Ljava/lang/Class;Ljava/lang/String;[BIILjava/security/ProtectionDomain;ZILjava/lang/Object;)Ljava/lang/Class;' in 'java/lang/ClassLoader')}
  0x00000175ea40a870: 48ba e046 | 4380 7501 | 0000 498b | cf48 83ec | 2040 f6c4 | 0f0f 8419 | 0000 0048 

  0x00000175ea40a88c: ;   {runtime_call}
  0x00000175ea40a88c: 83ec 0848 | b800 ad8e | 54f8 7f00 | 00ff d048 | 83c4 08e9 | 0c00 0000 

  0x00000175ea40a8a4: ;   {runtime_call}
  0x00000175ea40a8a4: 48b8 00ad | 8e54 f87f | 0000 ffd0 | 4883 c420 | 4159 4158 | 5a49 8d8f | c003 0000 | 41c7 874c 
  0x00000175ea40a8c4: 0400 0004 

  0x00000175ea40a8c8: ;   {runtime_call}
  0x00000175ea40a8c8: 0000 0048 | b83c 15f9 | e5f8 7f00 | 00ff d0c5 | f877 41c7 | 874c 0400 | 0005 0000 | 00f0 8344 
  0x00000175ea40a8e8: 24c0 0049 | 3baf 5004 | 0000 0f87 | 0e00 0000 | 4183 bf48 | 0400 0000 | 0f84 2b00 | 0000 c5f8 
  0x00000175ea40a908: 7748 8945 | f849 8bcf | 4c8b e448 | 83ec 2048 

  0x00000175ea40a918: ;   {runtime_call}
  0x00000175ea40a918: 83e4 f048 | b830 f359 | 54f8 7f00 | 00ff d049 | 8be4 4d33 | e448 8b45 | f841 c787 | 4c04 0000 
  0x00000175ea40a938: 0800 0000 | 4183 bfc8 | 0400 0002 | 0f84 db02 

  0x00000175ea40a948: ;   {external_word}
  0x00000175ea40a948: 0000 49ba | 283e e554 | f87f 0000 | 4180 3a00 | 0f84 4c00 | 0000 4889 

  0x00000175ea40a960: ;   {metadata({method} {0x00000175804346e8} 'defineClass0' '(Ljava/lang/ClassLoader;Ljava/lang/Class;Ljava/lang/String;[BIILjava/security/ProtectionDomain;ZILjava/lang/Object;)Ljava/lang/Class;' in 'java/lang/ClassLoader')}
  0x00000175ea40a960: 45f8 48ba | e046 4380 | 7501 0000 | 498b cf48 | 83ec 2040 | f6c4 0f0f | 8419 0000 | 0048 83ec 
  0x00000175ea40a980: ;   {runtime_call}
  0x00000175ea40a980: 0848 b800 | ad8e 54f8 | 7f00 00ff | d048 83c4 | 08e9 0c00 

  0x00000175ea40a994: ;   {runtime_call}
  0x00000175ea40a994: 0000 48b8 | 00ad 8e54 | f87f 0000 | ffd0 4883 | c420 488b | 45f8 49c7 | 87a0 0300 | 0000 0000 
  0x00000175ea40a9b4: 0049 c787 | a803 0000 | 0000 0000 | c5f8 7748 | 85c0 0f84 | 3602 0000 | a803 0f85 | 0800 0000 
  0x00000175ea40a9d4: 488b 00e9 | 2602 0000 | a801 0f85 | 0900 0000 | 488b 40fe | e915 0200 | 0048 8b40 | ff41 807f 
  0x00000175ea40a9f4: 4000 0f84 | 0602 0000 | 4883 f800 | 0f84 fc01 | 0000 498b | 4f28 4883 | f900 0f84 | 1400 0000 
  0x00000175ea40aa14: 4883 e908 | 4989 4f28 | 4903 4f38 | 4889 01e9 | da01 0000 | 4881 ecf0 | 0000 0048 | 8904 2448 
  0x00000175ea40aa34: 894c 2408 | 4889 5424 | 104c 8944 | 2418 4c89 | 4c24 204c | 8954 2428 | 4c89 5c24 | 30c5 fb11 
  0x00000175ea40aa54: 4424 40c5 | fb11 4c24 | 48c5 fb11 | 5424 50c5 | fb11 5c24 | 58c5 fb11 | 6424 60c5 | fb11 6c24 
  0x00000175ea40aa74: 6862 e1ff | 0811 4424 | 0e62 e1ff | 0811 4c24 | 0f62 e1ff | 0811 5424 | 1062 e1ff | 0811 5c24 
  0x00000175ea40aa94: ;   {no_reloc}
  0x00000175ea40aa94: 1162 e1ff | 0811 6424 | 1262 e1ff | 0811 6c24 | 1362 e1ff | 0811 7424 | 1462 e1ff | 0811 7c24 
  0x00000175ea40aab4: 1562 61ff | 0811 4424 | 1662 61ff | 0811 4c24 | 1762 61ff | 0811 5424 | 1862 61ff | 0811 5c24 
  0x00000175ea40aad4: 1962 61ff | 0811 6424 | 1a62 61ff | 0811 6c24 | 1b62 61ff | 0811 7424 | 1c62 61ff | 0811 7c24 
  0x00000175ea40aaf4: 1d49 8bd7 | 488b c848 | 83ec 2040 | f6c4 0f0f | 8419 0000 | 0048 83ec 

  0x00000175ea40ab0c: ;   {runtime_call}
  0x00000175ea40ab0c: 0848 b830 | 274d 54f8 | 7f00 00ff | d048 83c4 | 08e9 0c00 

  0x00000175ea40ab20: ;   {runtime_call}
  0x00000175ea40ab20: 0000 48b8 | 3027 4d54 | f87f 0000 | ffd0 4883 | c420 6261 | ff08 107c | 241d 6261 | ff08 1074 
  0x00000175ea40ab40: 241c 6261 | ff08 106c | 241b 6261 | ff08 1064 | 241a 6261 | ff08 105c | 2419 6261 | ff08 1054 
  0x00000175ea40ab60: 2418 6261 | ff08 104c | 2417 6261 | ff08 1044 | 2416 62e1 | ff08 107c | 2415 62e1 | ff08 1074 
  0x00000175ea40ab80: 2414 62e1 | ff08 106c | 2413 62e1 | ff08 1064 | 2412 62e1 | ff08 105c | 2411 62e1 | ff08 1054 
  0x00000175ea40aba0: 2410 62e1 | ff08 104c | 240f 62e1 | ff08 1044 | 240e c5fb | 106c 2468 | c5fb 1064 | 2460 c5fb 
  0x00000175ea40abc0: 105c 2458 | c5fb 1054 | 2450 c5fb | 104c 2448 | c5fb 1044 | 2440 4c8b | 5c24 304c | 8b54 2428 
  0x00000175ea40abe0: 4c8b 4c24 | 204c 8b44 | 2418 488b | 5424 1048 | 8b4c 2408 | 488b 0424 | 4881 c4f0 | 0000 00c5 
  0x00000175ea40ac00: f877 498b | 8f30 0400 | 00c7 8100 | 0100 0000 | 0000 00c9 | 4983 7f08 | 000f 8501 | 0000 00c3 
  0x00000175ea40ac20: ;   {runtime_call StubRoutines (initial stubs)}
  0x00000175ea40ac20: e9db 62d5 | ffc5 f877 | 4889 45f8 | 4c8b e448 | 83ec 2048 

  0x00000175ea40ac34: ;   {runtime_call}
  0x00000175ea40ac34: 83e4 f048 | b830 e48e | 54f8 7f00 | 00ff d049 | 8be4 4d33 | e448 8b45 | f8e9 f8fc | ffff f4f4 
  0x00000175ea40ac54: f4f4 f4f4 
[/MachCode]


Compiled method (c1) 6987 1827       1       java.lang.System$2::defineClass (21 bytes)
 total in heap  [0x00000175ea54ee10,0x00000175ea54f160] = 848
 relocation     [0x00000175ea54ef70,0x00000175ea54efa8] = 56
 main code      [0x00000175ea54efc0,0x00000175ea54f0a0] = 224
 stub code      [0x00000175ea54f0a0,0x00000175ea54f0e0] = 64
 metadata       [0x00000175ea54f0e0,0x00000175ea54f0e8] = 8
 scopes data    [0x00000175ea54f0e8,0x00000175ea54f108] = 32
 scopes pcs     [0x00000175ea54f108,0x00000175ea54f148] = 64
 dependencies   [0x00000175ea54f148,0x00000175ea54f150] = 8
 nul chk table  [0x00000175ea54f150,0x00000175ea54f160] = 16

[Constant Pool (empty)]

[MachCode]
[Entry Point]
  # {method} {0x0000017580019588} 'defineClass' '(Ljava/lang/ClassLoader;Ljava/lang/Class;Ljava/lang/String;[BLjava/security/ProtectionDomain;ZILjava/lang/Object;)Ljava/lang/Class;' in 'java/lang/System$2'
  # this:     rdx:rdx   = 'java/lang/System$2'
  # parm0:    r8:r8     = 'java/lang/ClassLoader'
  # parm1:    r9:r9     = 'java/lang/Class'
  # parm2:    rdi:rdi   = 'java/lang/String'
  # parm3:    rsi:rsi   = '[B'
  # parm4:    rcx:rcx   = 'java/security/ProtectionDomain'
  # parm5:    [sp+0x70]   = boolean  (sp of caller)
  # parm6:    [sp+0x78]   = int
  # parm7:    [sp+0x80]   = 'java/lang/Object'
  0x00000175ea54efc0: 448b 5208 | 49bb 0000 | 0080 7501 | 0000 4d03 | d34c 3bd0 

  0x00000175ea54efd4: ;   {runtime_call ic_miss_stub}
  0x00000175ea54efd4: 0f85 a6f9 | c5ff 660f | 1f44 0000 
[Verified Entry Point]
  0x00000175ea54efe0: 8984 2400 | 80ff ff55 | 4883 ec60 | 4181 7f20 | 0100 0000 

  0x00000175ea54eff4: ;   {runtime_call StubRoutines (final stubs)}
  0x00000175ea54eff4: 7405 e8a5 | 92c4 ff48 | 8bd9 4c8b | ac24 8000 | 0000 448b | 5c24 788b | 4424 708b | 4e0c 498b 
  0x00000175ea54f014: d04d 8bc1 | 4c8b cf48 | 8bfe be00 | 0000 0048 | 891c 2489 | 4424 0844 | 895c 2410 | 4c89 6c24 
  0x00000175ea54f034: ;   {static_call}
  0x00000175ea54f034: 1866 90e8 

  0x00000175ea54f038: ; ImmutableOopMap {}
                      ;*invokestatic defineClass0 {reexecute=0 rethrow=0 return_oop=0}
                      ; - java.lang.System$2::defineClass@17 (line 2395)
  0x00000175ea54f038: 24b7 ebff 

  0x00000175ea54f03c: ;   {other}
  0x00000175ea54f03c: 0f1f 8400 | 2c02 0000 | 4883 c460 

  0x00000175ea54f048: ;   {poll_return}
  0x00000175ea54f048: 5d49 3ba7 | 5004 0000 | 0f87 0600 

  0x00000175ea54f054: ;   {runtime_call throw_null_pointer_exception Runtime1 stub}
  0x00000175ea54f054: 0000 c3e8 

  0x00000175ea54f058: ; ImmutableOopMap {r8=Oop r9=Oop rdi=Oop rsi=Oop rbx=Oop r13=Oop [128]=Oop }
                      ;*arraylength {reexecute=0 rethrow=0 return_oop=0}
                      ; - java.lang.System$2::defineClass@8 (line 2395)
  0x00000175ea54f058: c485 d1ff 

  0x00000175ea54f05c: ;   {internal_word}
  0x00000175ea54f05c: 49ba 49f0 | 54ea 7501 | 0000 4d89 | 9768 0400 

  0x00000175ea54f06c: ;   {runtime_call SafepointBlob}
  0x00000175ea54f06c: 00e9 0e79 | c6ff 498b | 8700 0500 | 0049 c787 | 0005 0000 | 0000 0000 | 49c7 8708 | 0500 0000 
  0x00000175ea54f08c: 0000 0048 | 83c4 605d 

  0x00000175ea54f094: ;   {runtime_call unwind_exception Runtime1 stub}
  0x00000175ea54f094: e967 67d1 | fff4 f4f4 | f4f4 f4f4 
[Stub Code]
  0x00000175ea54f0a0: ;   {no_reloc}
  0x00000175ea54f0a0: 48bb 0000 | 0000 0000 

  0x00000175ea54f0a8: ;   {runtime_call nmethod}
  0x00000175ea54f0a8: 0000 e9fb 

  0x00000175ea54f0ac: ;   {runtime_call handle_exception_from_callee Runtime1 stub}
  0x00000175ea54f0ac: ffff ffe8 | 4cc4 d1ff 

  0x00000175ea54f0b4: ;   {external_word}
  0x00000175ea54f0b4: 48b9 b023 | bb54 f87f | 0000 4883 

  0x00000175ea54f0c0: ;   {runtime_call}
  0x00000175ea54f0c0: e4f0 48b8 | 2078 7d54 | f87f 0000 

  0x00000175ea54f0cc: ;   {section_word}
  0x00000175ea54f0cc: ffd0 f449 | bacf f054 | ea75 0100 

  0x00000175ea54f0d8: ;   {runtime_call DeoptimizationBlob}
  0x00000175ea54f0d8: 0041 52e9 | 408d c6ff 
[/MachCode]


Compiled method (c1) 6993 1548   !   1       java.lang.invoke.MethodHandles$Lookup$ClassDefiner::defineClass (213 bytes)
 total in heap  [0x00000175ea4e3790,0x00000175ea4e41e8] = 2648
 relocation     [0x00000175ea4e38f0,0x00000175ea4e3990] = 160
 main code      [0x00000175ea4e39a0,0x00000175ea4e3e38] = 1176
 stub code      [0x00000175ea4e3e38,0x00000175ea4e3eb0] = 120
 metadata       [0x00000175ea4e3eb0,0x00000175ea4e3f00] = 80
 scopes data    [0x00000175ea4e3f00,0x00000175ea4e4018] = 280
 scopes pcs     [0x00000175ea4e4018,0x00000175ea4e4148] = 304
 dependencies   [0x00000175ea4e4148,0x00000175ea4e4158] = 16
 handler table  [0x00000175ea4e4158,0x00000175ea4e41a0] = 72
 nul chk table  [0x00000175ea4e41a0,0x00000175ea4e41e8] = 72

[Constant Pool (empty)]

[MachCode]
[Entry Point]
  # {method} {0x00000175801eae68} 'defineClass' '(ZLjava/lang/Object;)Ljava/lang/Class;' in 'java/lang/invoke/MethodHandles$Lookup$ClassDefiner'
  # this:     rdx:rdx   = 'java/lang/invoke/MethodHandles$Lookup$ClassDefiner'
  # parm0:    r8        = boolean
  # parm1:    r9:r9     = 'java/lang/Object'
  #           [sp+0xf0]  (sp of caller)
  0x00000175ea4e39a0: 448b 5208 | 49bb 0000 | 0080 7501 | 0000 4d03 | d34c 3bd0 

  0x00000175ea4e39b4: ;   {runtime_call ic_miss_stub}
  0x00000175ea4e39b4: 0f85 c6af | ccff 660f | 1f44 0000 
[Verified Entry Point]
  0x00000175ea4e39c0: 8984 2400 | 80ff ff55 | 4881 ece0 | 0000 0090 | 4181 7f20 | 0100 0000 

  0x00000175ea4e39d8: ;   {runtime_call StubRoutines (final stubs)}
  0x00000175ea4e39d8: 7405 e8c1 | 48cb ff48 | 8994 2498 | 0000 0044 | 8984 24b0 | 0000 004c | 898c 24b8 | 0000 008b 
  0x00000175ea4e39f8: 7210 4889 | b424 9000 | 0000 8b7e | 1048 89bc | 24a8 0000 | 008b 5f34 | 4885 db0f | 850a 0000 
  0x00000175ea4e3a18: ;   {oop(nullptr)}
  0x00000175ea4e3a18: 0048 bb00 | 0000 0000 | 0000 0048 | 85db 0f84 | da00 0000 | 8b46 1848 | 85c0 4889 | 9c24 a000 
  0x00000175ea4e3a38: 0000 0f85 | d800 0000 

  0x00000175ea4e3a40: ;   {oop(a 'java/lang/Class'{0x00000000c5240648} = 'jdk/internal/access/SharedSecrets')}
  0x00000175ea4e3a40: 48b8 4806 | 24c5 0000 | 0000 8b40 | 7c8b 4e10 | 4885 c00f | 842a 0000 

  0x00000175ea4e3a58: ;   {metadata('java/lang/System$2')}
  0x00000175ea4e3a58: 0048 be60 | 8201 8075 | 0100 0044 | 8b70 0849 | ba00 0000 | 8075 0100 | 004d 03f2 | 493b 7638 
  0x00000175ea4e3a78: 0f85 6d02 | 0000 e900 | 0000 004c | 8bd8 483b | 0048 3b01 

  0x00000175ea4e3a8c: ;   {optimized virtual_call}
  0x00000175ea4e3a8c: 488b d1e8 

  0x00000175ea4e3a90: ; ImmutableOopMap {[144]=Oop [152]=Oop [160]=Oop [168]=Oop [184]=Oop }
                      ;*invokevirtual getProtectionDomain0 {reexecute=0 rethrow=0 return_oop=0}
                      ; - java.lang.Class::protectionDomain@1 (line 3188)
                      ; - java.lang.System$2::protectionDomain@1 (line 2519)
                      ; - java.lang.invoke.MethodHandles$Lookup::lookupClassProtectionDomain@17 (line 2544)
                      ; - java.lang.invoke.MethodHandles$Lookup$ClassDefiner::defineClass@23 (line 2501)
  0x00000175ea4e3a90: ccf1 0500 

  0x00000175ea4e3a94: ;   {other}
  0x00000175ea4e3a94: 0f1f 8400 | 0403 0000 | 4885 c00f | 851f 0000 | 0066 6690 

  0x00000175ea4e3aa8: ;   {no_reloc}
  0x00000175ea4e3aa8: e9c5 0200 | 0000 0000 | 0000 660f | 1f44 0000 

  0x00000175ea4e3ab8: ; implicit exception: dispatches to 0x00000175ea4e3d7c
  0x00000175ea4e3ab8: e9d0 0200 | 0090 90e9 | 0300 0000 | 4c8b c048 | 8bb4 2490 | 0000 0045 | 0fbe 4f40 | 4585 c90f 
  0x00000175ea4e3ad8: 85ba 0200 | 004d 8bd0 | 4489 5618 | f083 4424 | c000 4c8b | ce4d 33c8 | 49c1 e914 | 4983 f900 
  0x00000175ea4e3af8: 0f85 b502 | 0000 498b | c0e9 1200 | 0000 4889 | 9c24 a000 

  0x00000175ea4e3b0c: ;   {oop(nullptr)}
  0x00000175ea4e3b0c: 0000 48b8 | 0000 0000 | 0000 0000 | 488b 9c24 | a000 0000 | 488b bc24 | a800 0000 | 488b 9424 
  0x00000175ea4e3b2c: 9800 0000 

  0x00000175ea4e3b30: ;   {oop(a 'java/lang/Class'{0x00000000c5240648} = 'jdk/internal/access/SharedSecrets')}
  0x00000175ea4e3b30: 49b8 4806 | 24c5 0000 | 0000 458b | 707c 8b72 | 148b 4a18 | 448b 4a0c | 4d85 f60f | 842a 0000 
  0x00000175ea4e3b50: ;   {metadata('java/lang/System$2')}
  0x00000175ea4e3b50: 0049 bb60 | 8201 8075 | 0100 0045 | 8b6e 0849 | ba00 0000 | 8075 0100 | 004d 03ea | 4d3b 5d38 
  0x00000175ea4e3b70: 0f85 5502 | 0000 e900 | 0000 004d | 8bc6 493b | 064c 8bc3 | 498b d14c | 8bcf 488b | fe48 8bf1 
  0x00000175ea4e3b90: 488b c88b | 8424 b000 | 0000 8904 | 2489 5424 | 0848 8b94 | 24b8 0000 | 0048 8954 | 2410 498b 
  0x00000175ea4e3bb0: d666 0f1f 

  0x00000175ea4e3bb4: ;   {optimized virtual_call}
  0x00000175ea4e3bb4: 4400 00e8 

  0x00000175ea4e3bb8: ; ImmutableOopMap {[152]=Oop [168]=Oop }
                      ;*invokeinterface defineClass {reexecute=0 rethrow=0 return_oop=0}
                      ; - java.lang.invoke.MethodHandles$Lookup$ClassDefiner::defineClass@57 (line 2505)
  0x00000175ea4e3bb8: 24b4 0600 

  0x00000175ea4e3bbc: ;   {other}
  0x00000175ea4e3bbc: 0f1f 8400 | 2c04 0001 | 488b 9424 | 9800 0000 | 8b72 1c44 | 0fbe 460c | 4183 e001 | 4585 c00f 
  0x00000175ea4e3bdc: 84bb 0000 | 008b 7a14 | 4885 c00f | 8485 0000 | 00e9 3d00 | 0000 488b | 9424 9800 | 0000 498b 
  0x00000175ea4e3bfc: 8700 0500 | 004d 33d2 | 4d89 9700 | 0500 004d | 33d2 4d89 | 9708 0500 | 008b 721c 

  0x00000175ea4e3c18: ; implicit exception: dispatches to 0x00000175ea4e3dda
  0x00000175ea4e3c18: 440f be46 | 0c41 83e0 | 0145 85c0 | 0f84 b200 | 0000 e983 | 0000 008b | 5218 4c8b | c74c 8bc8 
  0x00000175ea4e3c38: 488b fa48 | 8bd6 4889 | 8424 c000 

  0x00000175ea4e3c44: ;   {optimized virtual_call}
  0x00000175ea4e3c44: 0000 90e8 

  0x00000175ea4e3c48: ; ImmutableOopMap {[192]=Oop }
                      ;*invokevirtual dumpClass {reexecute=0 rethrow=0 return_oop=0}
                      ; - java.lang.invoke.MethodHandles$Lookup$ClassDefiner::defineClass@134 (line 2513)
  0x00000175ea4e3c48: 34b2 ccff 

  0x00000175ea4e3c4c: ;   {other}
  0x00000175ea4e3c4c: 0f1f 8400 | bc04 0002 | 488b 8424 | c000 0000 | 4881 c4e0 | 0000 005d 

  0x00000175ea4e3c64: ;   {poll_return}
  0x00000175ea4e3c64: 493b a750 | 0400 000f | 876e 0100 | 00c3 4889 | 8424 c000 | 0000 448b | 4a18 4c8b | c748 8bd6 
  0x00000175ea4e3c84: ;   {optimized virtual_call}
  0x00000175ea4e3c84: 6666 90e8 

  0x00000175ea4e3c88: ; ImmutableOopMap {[192]=Oop }
                      ;*invokevirtual dumpFailedClass {reexecute=0 rethrow=0 return_oop=0}
                      ; - java.lang.invoke.MethodHandles$Lookup$ClassDefiner::defineClass@150 (line 2515)
  0x00000175ea4e3c88: f4b1 ccff 

  0x00000175ea4e3c8c: ;   {other}
  0x00000175ea4e3c8c: 0f1f 8400 | fc04 0003 | 488b 8424 | c000 0000 | 4881 c4e0 | 0000 005d 

  0x00000175ea4e3ca4: ;   {poll_return}
  0x00000175ea4e3ca4: 493b a750 | 0400 000f | 8744 0100 | 00c3 4889 | 8424 c800 | 0000 448b | 4214 448b | 4a18 488b 
  0x00000175ea4e3cc4: ;   {optimized virtual_call}
  0x00000175ea4e3cc4: d666 90e8 

  0x00000175ea4e3cc8: ; ImmutableOopMap {[200]=Oop }
                      ;*invokevirtual dumpFailedClass {reexecute=0 rethrow=0 return_oop=0}
                      ; - java.lang.invoke.MethodHandles$Lookup$ClassDefiner::defineClass@207 (line 2515)
  0x00000175ea4e3cc8: b4b1 ccff 

  0x00000175ea4e3ccc: ;   {other}
  0x00000175ea4e3ccc: 0f1f 8400 | 3c05 0004 | 488b 8424 | c800 0000 | e947 0100 

  0x00000175ea4e3ce0: ;   {runtime_call throw_null_pointer_exception Runtime1 stub}
  0x00000175ea4e3ce0: 00e8 3a39 

  0x00000175ea4e3ce4: ; ImmutableOopMap {rdx=Oop r9=Oop rsi=Oop [144]=Oop [152]=Oop [184]=Oop }
                      ;*invokevirtual lookupClass {reexecute=0 rethrow=0 return_oop=0}
                      ; - java.lang.invoke.MethodHandles$Lookup$ClassDefiner::defineClass@4 (line 2499)
                      ;   {runtime_call throw_null_pointer_exception Runtime1 stub}
  0x00000175ea4e3ce4: d8ff e835 

  0x00000175ea4e3ce8: ; ImmutableOopMap {rdx=Oop r9=Oop rsi=Oop rdi=Oop [144]=Oop [152]=Oop [168]=Oop [184]=Oop }
                      ;*invokevirtual getClassLoader {reexecute=0 rethrow=0 return_oop=0}
                      ; - java.lang.invoke.MethodHandles$Lookup$ClassDefiner::defineClass@9 (line 2500)
                      ;   {runtime_call throw_incompatible_class_change_error Runtime1 stub}
  0x00000175ea4e3ce8: 39d8 ffe8 

  0x00000175ea4e3cec: ; ImmutableOopMap {rax=Oop rcx=Oop [144]=Oop [152]=Oop [160]=Oop [168]=Oop [184]=Oop }
                      ;*invokeinterface protectionDomain {reexecute=0 rethrow=0 return_oop=0}
                      ; - java.lang.invoke.MethodHandles$Lookup::lookupClassProtectionDomain@17 (line 2544)
                      ; - java.lang.invoke.MethodHandles$Lookup$ClassDefiner::defineClass@23 (line 2501)
  0x00000175ea4e3cec: 3081 d8ff 

  0x00000175ea4e3cf0: ;   {runtime_call throw_null_pointer_exception Runtime1 stub}
  0x00000175ea4e3cf0: e82b 39d8 

  0x00000175ea4e3cf4: ; ImmutableOopMap {rcx=Oop [144]=Oop [152]=Oop [160]=Oop [168]=Oop [184]=Oop }
                      ;*invokeinterface protectionDomain {reexecute=0 rethrow=0 return_oop=0}
                      ; - java.lang.invoke.MethodHandles$Lookup::lookupClassProtectionDomain@17 (line 2544)
                      ; - java.lang.invoke.MethodHandles$Lookup$ClassDefiner::defineClass@23 (line 2501)
                      ;   {runtime_call throw_null_pointer_exception Runtime1 stub}
  0x00000175ea4e3cf4: ffe8 2639 

  0x00000175ea4e3cf8: ; ImmutableOopMap {rcx=Oop [144]=Oop [152]=Oop [160]=Oop [168]=Oop [184]=Oop }
                      ;*invokevirtual protectionDomain {reexecute=0 rethrow=0 return_oop=0}
                      ; - java.lang.System$2::protectionDomain@1 (line 2519)
                      ; - java.lang.invoke.MethodHandles$Lookup::lookupClassProtectionDomain@17 (line 2544)
                      ; - java.lang.invoke.MethodHandles$Lookup$ClassDefiner::defineClass@23 (line 2501)
                      ;   {oop(nullptr)}
  0x00000175ea4e3cf8: d8ff 49b8 | 0000 0000 | 0000 0000 | 5053 498b | 5810 5756 | 5251 4150 | 4151 4152 | 4153 4883 
  0x00000175ea4e3d18: ec20 40f6 | c40f 0f84 | 1900 0000 | 4883 ec08 

  0x00000175ea4e3d28: ;   {runtime_call}
  0x00000175ea4e3d28: 48b8 509a | 1a54 f87f | 0000 ffd0 | 4883 c408 | e90c 0000 

  0x00000175ea4e3d3c: ;   {runtime_call}
  0x00000175ea4e3d3c: 0048 b850 | 9a1a 54f8 | 7f00 00ff | d048 83c4 | 2041 5b41 | 5a41 5941 | 5859 5a5e | 5f48 3b83 
  0x00000175ea4e3d5c: 3801 0000 | 5b58 0f85 | 0a00 0000 | e945 fdff | ffb8 0078 

  0x00000175ea4e3d70: ;   {runtime_call load_mirror_patching Runtime1 stub}
  0x00000175ea4e3d70: 6e0a e809 

  0x00000175ea4e3d74: ; ImmutableOopMap {[144]=Oop [152]=Oop [160]=Oop [168]=Oop [184]=Oop }
                      ;*getstatic allPermDomain {reexecute=1 rethrow=0 return_oop=0}
                      ; - (reexecute) java.lang.Class::protectionDomain@9 (line 3190)
                      ; - java.lang.System$2::protectionDomain@1 (line 2519)
                      ; - java.lang.invoke.MethodHandles$Lookup::lookupClassProtectionDomain@17 (line 2544)
                      ; - java.lang.invoke.MethodHandles$Lookup$ClassDefiner::defineClass@23 (line 2501)
  0x00000175ea4e3d74: a9d8 ffe9 | 2cfd ffff 

  0x00000175ea4e3d7c: ;   {runtime_call throw_null_pointer_exception Runtime1 stub}
  0x00000175ea4e3d7c: e89f 38d8 

  0x00000175ea4e3d80: ; ImmutableOopMap {r8=Oop [144]=Oop [152]=Oop [160]=Oop [168]=Oop [184]=Oop }
                      ;*getstatic allPermDomain {reexecute=1 rethrow=0 return_oop=0}
                      ; - (reexecute) java.lang.Class::protectionDomain@9 (line 3190)
                      ; - java.lang.System$2::protectionDomain@1 (line 2519)
                      ; - java.lang.invoke.MethodHandles$Lookup::lookupClassProtectionDomain@17 (line 2544)
                      ; - java.lang.invoke.MethodHandles$Lookup$ClassDefiner::defineClass@23 (line 2501)
  0x00000175ea4e3d80: ff45 8b80 | 0000 0000 | b800 0c05 

  0x00000175ea4e3d8c: ;   {runtime_call access_field_patching Runtime1 stub}
  0x00000175ea4e3d8c: 07e8 ee9b 

  0x00000175ea4e3d90: ; ImmutableOopMap {r8=Oop [144]=Oop [152]=Oop [160]=Oop [168]=Oop [184]=Oop }
                      ;*getstatic allPermDomain {reexecute=1 rethrow=0 return_oop=0}
                      ; - (reexecute) java.lang.Class::protectionDomain@9 (line 3190)
                      ; - java.lang.System$2::protectionDomain@1 (line 2519)
                      ; - java.lang.invoke.MethodHandles$Lookup::lookupClassProtectionDomain@17 (line 2544)
                      ; - java.lang.invoke.MethodHandles$Lookup$ClassDefiner::defineClass@23 (line 2501)
  0x00000175ea4e3d90: d8ff e921 | fdff ff44 | 8b4e 1849 | 83f9 000f | 8438 fdff | ff4c 890c 

  0x00000175ea4e3da8: ;   {runtime_call g1_pre_barrier_slow}
  0x00000175ea4e3da8: 24e8 d2bf | d8ff e92a | fdff ff49 | 83f8 000f | 8441 fdff | ff48 8934 

  0x00000175ea4e3dc0: ;   {runtime_call g1_post_barrier_slow}
  0x00000175ea4e3dc0: 24e8 3ac9 | d8ff e933 

  0x00000175ea4e3dc8: ;   {runtime_call throw_incompatible_class_change_error Runtime1 stub}
  0x00000175ea4e3dc8: fdff ffe8 

  0x00000175ea4e3dcc: ; ImmutableOopMap {rax=Oop rdi=Oop rbx=Oop r14=Oop rsi=Oop rcx=Oop [152]=Oop [168]=Oop [184]=Oop }
                      ;*invokeinterface defineClass {reexecute=0 rethrow=0 return_oop=0}
                      ; - java.lang.invoke.MethodHandles$Lookup$ClassDefiner::defineClass@57 (line 2505)
  0x00000175ea4e3dcc: 5080 d8ff 

  0x00000175ea4e3dd0: ;   {runtime_call throw_null_pointer_exception Runtime1 stub}
  0x00000175ea4e3dd0: e84b 38d8 

  0x00000175ea4e3dd4: ; ImmutableOopMap {rax=Oop rdi=Oop rbx=Oop r14=Oop rsi=Oop rcx=Oop [152]=Oop [168]=Oop [184]=Oop }
                      ;*invokeinterface defineClass {reexecute=0 rethrow=0 return_oop=0}
                      ; - java.lang.invoke.MethodHandles$Lookup$ClassDefiner::defineClass@57 (line 2505)
                      ;   {runtime_call throw_null_pointer_exception Runtime1 stub}
  0x00000175ea4e3dd4: ffe8 4638 

  0x00000175ea4e3dd8: ; ImmutableOopMap {rax=Oop rdx=Oop rsi=Oop [152]=Oop }
                      ;*invokevirtual isEnabled {reexecute=0 rethrow=0 return_oop=0}
                      ; - java.lang.invoke.MethodHandles$Lookup$ClassDefiner::defineClass@105 (line 2510)
                      ;   {runtime_call throw_null_pointer_exception Runtime1 stub}
  0x00000175ea4e3dd8: d8ff e841 

  0x00000175ea4e3ddc: ; ImmutableOopMap {rdx=Oop rax=Oop rsi=Oop [152]=Oop }
                      ;*invokevirtual isEnabled {reexecute=0 rethrow=0 return_oop=0}
                      ; - java.lang.invoke.MethodHandles$Lookup$ClassDefiner::defineClass@162 (line 2510)
                      ;   {internal_word}
  0x00000175ea4e3ddc: 38d8 ff49 | ba64 3c4e | ea75 0100 | 004d 8997 | 6804 0000 

  0x00000175ea4e3df0: ;   {runtime_call SafepointBlob}
  0x00000175ea4e3df0: e98b 2bcd 

  0x00000175ea4e3df4: ;   {internal_word}
  0x00000175ea4e3df4: ff49 baa4 | 3c4e ea75 | 0100 004d | 8997 6804 

  0x00000175ea4e3e04: ;   {runtime_call SafepointBlob}
  0x00000175ea4e3e04: 0000 e975 | 2bcd ff49 | 8b87 0005 | 0000 49c7 | 8700 0500 | 0000 0000 | 0049 c787 | 0805 0000 
  0x00000175ea4e3e24: 0000 0000 | 4881 c4e0 | 0000 005d 

  0x00000175ea4e3e30: ;   {runtime_call unwind_exception Runtime1 stub}
  0x00000175ea4e3e30: e9cb 19d8 | fff4 f4f4 
[Stub Code]
  0x00000175ea4e3e38: ;   {no_reloc}
  0x00000175ea4e3e38: 0f1f 4400 

  0x00000175ea4e3e3c: ;   {static_stub}
  0x00000175ea4e3e3c: 0048 bb80 | 9501 8075 

  0x00000175ea4e3e44: ;   {runtime_call I2C/C2I adapters}
  0x00000175ea4e3e44: 0100 00e9 | cad6 cdff 

  0x00000175ea4e3e4c: ;   {static_stub}
  0x00000175ea4e3e4c: 48bb 207c | 4680 7501 

  0x00000175ea4e3e54: ;   {runtime_call I2C/C2I adapters}
  0x00000175ea4e3e54: 0000 e908 

  0x00000175ea4e3e58: ;   {static_stub}
  0x00000175ea4e3e58: 00cd ff48 | bb00 0000 | 0000 0000 

  0x00000175ea4e3e64: ;   {runtime_call nmethod}
  0x00000175ea4e3e64: 00e9 fbff 

  0x00000175ea4e3e68: ;   {static_stub}
  0x00000175ea4e3e68: ffff 48bb | 0000 0000 | 0000 0000 

  0x00000175ea4e3e74: ;   {runtime_call nmethod}
  0x00000175ea4e3e74: e9fb ffff 

  0x00000175ea4e3e78: ;   {runtime_call handle_exception_from_callee Runtime1 stub}
  0x00000175ea4e3e78: ffe8 8276 

  0x00000175ea4e3e7c: ;   {external_word}
  0x00000175ea4e3e7c: d8ff 48b9 | b023 bb54 | f87f 0000 | 4883 e4f0 

  0x00000175ea4e3e8c: ;   {runtime_call}
  0x00000175ea4e3e8c: 48b8 2078 | 7d54 f87f | 0000 ffd0 

  0x00000175ea4e3e98: ;   {section_word}
  0x00000175ea4e3e98: f449 ba99 | 3e4e ea75 | 0100 0041 

  0x00000175ea4e3ea4: ;   {runtime_call DeoptimizationBlob}
  0x00000175ea4e3ea4: 52e9 763f | cdff f4f4 | f4f4 f4f4 
[/MachCode]


---------------  P R O C E S S  ---------------

Threads class SMR info:
_java_thread_list=0x00000175f58dfe50, length=13, elements={
0x00000175e1a2b060, 0x00000175f066bd00, 0x00000175f066cc20, 0x00000175f06701f0,
0x00000175f0672560, 0x00000175f0673240, 0x00000175f0674be0, 0x00000175f0677650,
0x00000175f07b5c90, 0x00000175f50cdc30, 0x00000175f50ccf00, 0x00000175f5209140,
0x00000175f5852660
}

Java Threads: ( => current thread )
=>0x00000175e1a2b060 JavaThread "main"                              [_thread_in_vm, id=14768, stack(0x0000003c10c00000,0x0000003c10d00000) (1024K)]
  0x00000175f066bd00 JavaThread "Reference Handler"          daemon [_thread_blocked, id=8440, stack(0x0000003c11400000,0x0000003c11500000) (1024K)]
  0x00000175f066cc20 JavaThread "Finalizer"                  daemon [_thread_blocked, id=12240, stack(0x0000003c11500000,0x0000003c11600000) (1024K)]
  0x00000175f06701f0 JavaThread "Signal Dispatcher"          daemon [_thread_blocked, id=9260, stack(0x0000003c11600000,0x0000003c11700000) (1024K)]
  0x00000175f0672560 JavaThread "Attach Listener"            daemon [_thread_blocked, id=9116, stack(0x0000003c11700000,0x0000003c11800000) (1024K)]
  0x00000175f0673240 JavaThread "Service Thread"             daemon [_thread_blocked, id=14860, stack(0x0000003c11800000,0x0000003c11900000) (1024K)]
  0x00000175f0674be0 JavaThread "Monitor Deflation Thread"   daemon [_thread_blocked, id=15448, stack(0x0000003c11900000,0x0000003c11a00000) (1024K)]
  0x00000175f0677650 JavaThread "C1 CompilerThread0"         daemon [_thread_blocked, id=7068, stack(0x0000003c11a00000,0x0000003c11b00000) (1024K)]
  0x00000175f07b5c90 JavaThread "Common-Cleaner"             daemon [_thread_blocked, id=7996, stack(0x0000003c11b00000,0x0000003c11c00000) (1024K)]
  0x00000175f50cdc30 JavaThread "Monitor Ctrl-Break"         daemon [_thread_in_native, id=12188, stack(0x0000003c11c00000,0x0000003c11d00000) (1024K)]
  0x00000175f50ccf00 JavaThread "Notification Thread"        daemon [_thread_blocked, id=15752, stack(0x0000003c11d00000,0x0000003c11e00000) (1024K)]
  0x00000175f5209140 JavaThread "RMI TCP Accept-0"           daemon [_thread_in_native, id=8684, stack(0x0000003c12100000,0x0000003c12200000) (1024K)]
  0x00000175f5852660 JavaThread "background-preinit"                [_thread_in_vm, id=4232, stack(0x0000003c12200000,0x0000003c12300000) (1024K)]
Total: 13

Other Threads:
  0x00000175e1ae18a0 VMThread "VM Thread"                           [id=15700, stack(0x0000003c11300000,0x0000003c11400000) (1024K)]
  0x00000175f065c780 WatcherThread "VM Periodic Task Thread"        [id=12852, stack(0x0000003c11200000,0x0000003c11300000) (1024K)]
  0x00000175e1a637e0 WorkerThread "GC Thread#0"                     [id=16852, stack(0x0000003c10d00000,0x0000003c10e00000) (1024K)]
  0x00000175f5180e40 WorkerThread "GC Thread#1"                     [id=13096, stack(0x0000003c11e00000,0x0000003c11f00000) (1024K)]
  0x00000175f518ff80 WorkerThread "GC Thread#2"                     [id=11244, stack(0x0000003c11f00000,0x0000003c12000000) (1024K)]
  0x00000175f5192340 WorkerThread "GC Thread#3"                     [id=2868, stack(0x0000003c12000000,0x0000003c12100000) (1024K)]
  0x00000175e1a6bed0 ConcurrentGCThread "G1 Main Marker"            [id=8488, stack(0x0000003c10e00000,0x0000003c10f00000) (1024K)]
  0x00000175e1a6c8f0 WorkerThread "G1 Conc#0"                       [id=10812, stack(0x0000003c10f00000,0x0000003c11000000) (1024K)]
  0x00000175e1ac4110 ConcurrentGCThread "G1 Refine#0"               [id=11760, stack(0x0000003c11000000,0x0000003c11100000) (1024K)]
  0x00000175e1ac4ba0 ConcurrentGCThread "G1 Service"                [id=1168, stack(0x0000003c11100000,0x0000003c11200000) (1024K)]
Total: 10

Threads with active compile tasks:
Total: 0

VM state: not at safepoint (normal execution)

VM Mutex/Monitor currently owned by a thread:  ([mutex/lock_event])
[0x00007ff854e6a830] Metaspace_lock - owner thread: 0x00000175e1a2b060

Heap address: 0x00000000c4e00000, size: 946 MB, Compressed Oops mode: 32-bit

CDS archive(s) mapped at: [0x0000017580000000-0x0000017580c80000-0x0000017580c80000), size 13107200, SharedBaseAddress: 0x0000017580000000, ArchiveRelocationMode: 1.
Compressed class space mapped at: 0x0000017581000000-0x00000175c1000000, reserved size: 1073741824
Narrow klass base: 0x0000017580000000, Narrow klass shift: 0, Narrow klass range: 0x100000000

GC Precious Log:
 CardTable entry size: 512
 Card Set container configuration: InlinePtr #cards 5 size 8 Array Of Cards #cards 12 size 40 Howl #buckets 4 coarsen threshold 1843 Howl Bitmap #cards 512 size 80 coarsen threshold 460 Card regions per heap region 1 cards per card region 2048
 CPUs: 4 total, 4 available
 Memory: 3781M
 Large Page Support: Disabled
 NUMA Support: Disabled
 Compressed Oops: Enabled (32-bit)
 Heap Region Size: 1M
 Heap Min Capacity: 8M
 Heap Initial Capacity: 60M
 Heap Max Capacity: 946M
 Pre-touch: Disabled
 Parallel Workers: 4
 Concurrent Workers: 1
 Concurrent Refinement Workers: 4
 Periodic GC: Disabled

Heap:
 garbage-first heap   total 61440K, used 15966K [0x00000000c4e00000, 0x0000000100000000)
  region size 1024K, 11 young (11264K), 4 survivors (4096K)
 Metaspace       used 16591K, committed 17024K, reserved 1114112K
  class space    used 2211K, committed 2432K, reserved 1048576K

Heap Regions: E=young(eden), S=young(survivor), O=old, HS=humongous(starts), HC=humongous(continues), CS=collection set, F=free, TAMS=top-at-mark-start, PB=parsable bottom
|   0|0x00000000c4e00000, 0x00000000c4f00000, 0x00000000c4f00000|100%|HS|  |TAMS 0x00000000c4e00000| PB 0x00000000c4e00000| Complete 
|   1|0x00000000c4f00000, 0x00000000c5000000, 0x00000000c5000000|100%| O|  |TAMS 0x00000000c4f00000| PB 0x00000000c4f00000| Untracked 
|   2|0x00000000c5000000, 0x00000000c5100000, 0x00000000c5100000|100%| O|  |TAMS 0x00000000c5000000| PB 0x00000000c5000000| Untracked 
|   3|0x00000000c5100000, 0x00000000c5200000, 0x00000000c5200000|100%| O|  |TAMS 0x00000000c5100000| PB 0x00000000c5100000| Untracked 
|   4|0x00000000c5200000, 0x00000000c5300000, 0x00000000c5300000|100%| O|  |TAMS 0x00000000c5200000| PB 0x00000000c5200000| Untracked 
|   5|0x00000000c5300000, 0x00000000c5400000, 0x00000000c5400000|100%| O|  |TAMS 0x00000000c5300000| PB 0x00000000c5300000| Untracked 
|   6|0x00000000c5400000, 0x00000000c5497b00, 0x00000000c5500000| 59%| O|  |TAMS 0x00000000c5400000| PB 0x00000000c5400000| Untracked 
|   7|0x00000000c5500000, 0x00000000c5500000, 0x00000000c5600000|  0%| F|  |TAMS 0x00000000c5500000| PB 0x00000000c5500000| Untracked 
|   8|0x00000000c5600000, 0x00000000c5600000, 0x00000000c5700000|  0%| F|  |TAMS 0x00000000c5600000| PB 0x00000000c5600000| Untracked 
|   9|0x00000000c5700000, 0x00000000c5700000, 0x00000000c5800000|  0%| F|  |TAMS 0x00000000c5700000| PB 0x00000000c5700000| Untracked 
|  10|0x00000000c5800000, 0x00000000c5800000, 0x00000000c5900000|  0%| F|  |TAMS 0x00000000c5800000| PB 0x00000000c5800000| Untracked 
|  11|0x00000000c5900000, 0x00000000c5900000, 0x00000000c5a00000|  0%| F|  |TAMS 0x00000000c5900000| PB 0x00000000c5900000| Untracked 
|  12|0x00000000c5a00000, 0x00000000c5a00000, 0x00000000c5b00000|  0%| F|  |TAMS 0x00000000c5a00000| PB 0x00000000c5a00000| Untracked 
|  13|0x00000000c5b00000, 0x00000000c5b00000, 0x00000000c5c00000|  0%| F|  |TAMS 0x00000000c5b00000| PB 0x00000000c5b00000| Untracked 
|  14|0x00000000c5c00000, 0x00000000c5c00000, 0x00000000c5d00000|  0%| F|  |TAMS 0x00000000c5c00000| PB 0x00000000c5c00000| Untracked 
|  15|0x00000000c5d00000, 0x00000000c5d00000, 0x00000000c5e00000|  0%| F|  |TAMS 0x00000000c5d00000| PB 0x00000000c5d00000| Untracked 
|  16|0x00000000c5e00000, 0x00000000c5e00000, 0x00000000c5f00000|  0%| F|  |TAMS 0x00000000c5e00000| PB 0x00000000c5e00000| Untracked 
|  17|0x00000000c5f00000, 0x00000000c5f00000, 0x00000000c6000000|  0%| F|  |TAMS 0x00000000c5f00000| PB 0x00000000c5f00000| Untracked 
|  18|0x00000000c6000000, 0x00000000c6000000, 0x00000000c6100000|  0%| F|  |TAMS 0x00000000c6000000| PB 0x00000000c6000000| Untracked 
|  19|0x00000000c6100000, 0x00000000c6100000, 0x00000000c6200000|  0%| F|  |TAMS 0x00000000c6100000| PB 0x00000000c6100000| Untracked 
|  20|0x00000000c6200000, 0x00000000c6200000, 0x00000000c6300000|  0%| F|  |TAMS 0x00000000c6200000| PB 0x00000000c6200000| Untracked 
|  21|0x00000000c6300000, 0x00000000c6300000, 0x00000000c6400000|  0%| F|  |TAMS 0x00000000c6300000| PB 0x00000000c6300000| Untracked 
|  22|0x00000000c6400000, 0x00000000c6400000, 0x00000000c6500000|  0%| F|  |TAMS 0x00000000c6400000| PB 0x00000000c6400000| Untracked 
|  23|0x00000000c6500000, 0x00000000c6500000, 0x00000000c6600000|  0%| F|  |TAMS 0x00000000c6500000| PB 0x00000000c6500000| Untracked 
|  24|0x00000000c6600000, 0x00000000c6600000, 0x00000000c6700000|  0%| F|  |TAMS 0x00000000c6600000| PB 0x00000000c6600000| Untracked 
|  25|0x00000000c6700000, 0x00000000c6700000, 0x00000000c6800000|  0%| F|  |TAMS 0x00000000c6700000| PB 0x00000000c6700000| Untracked 
|  26|0x00000000c6800000, 0x00000000c6800000, 0x00000000c6900000|  0%| F|  |TAMS 0x00000000c6800000| PB 0x00000000c6800000| Untracked 
|  27|0x00000000c6900000, 0x00000000c6900000, 0x00000000c6a00000|  0%| F|  |TAMS 0x00000000c6900000| PB 0x00000000c6900000| Untracked 
|  28|0x00000000c6a00000, 0x00000000c6a00000, 0x00000000c6b00000|  0%| F|  |TAMS 0x00000000c6a00000| PB 0x00000000c6a00000| Untracked 
|  29|0x00000000c6b00000, 0x00000000c6c00000, 0x00000000c6c00000|100%| S|CS|TAMS 0x00000000c6b00000| PB 0x00000000c6b00000| Complete 
|  30|0x00000000c6c00000, 0x00000000c6d00000, 0x00000000c6d00000|100%| S|CS|TAMS 0x00000000c6c00000| PB 0x00000000c6c00000| Complete 
|  31|0x00000000c6d00000, 0x00000000c6e00000, 0x00000000c6e00000|100%| S|CS|TAMS 0x00000000c6d00000| PB 0x00000000c6d00000| Complete 
|  32|0x00000000c6e00000, 0x00000000c6f00000, 0x00000000c6f00000|100%| S|CS|TAMS 0x00000000c6e00000| PB 0x00000000c6e00000| Complete 
|  33|0x00000000c6f00000, 0x00000000c6f00000, 0x00000000c7000000|  0%| F|  |TAMS 0x00000000c6f00000| PB 0x00000000c6f00000| Untracked 
|  34|0x00000000c7000000, 0x00000000c7000000, 0x00000000c7100000|  0%| F|  |TAMS 0x00000000c7000000| PB 0x00000000c7000000| Untracked 
|  35|0x00000000c7100000, 0x00000000c7100000, 0x00000000c7200000|  0%| F|  |TAMS 0x00000000c7100000| PB 0x00000000c7100000| Untracked 
|  36|0x00000000c7200000, 0x00000000c7200000, 0x00000000c7300000|  0%| F|  |TAMS 0x00000000c7200000| PB 0x00000000c7200000| Untracked 
|  37|0x00000000c7300000, 0x00000000c7300000, 0x00000000c7400000|  0%| F|  |TAMS 0x00000000c7300000| PB 0x00000000c7300000| Untracked 
|  38|0x00000000c7400000, 0x00000000c7400000, 0x00000000c7500000|  0%| F|  |TAMS 0x00000000c7400000| PB 0x00000000c7400000| Untracked 
|  39|0x00000000c7500000, 0x00000000c7500000, 0x00000000c7600000|  0%| F|  |TAMS 0x00000000c7500000| PB 0x00000000c7500000| Untracked 
|  40|0x00000000c7600000, 0x00000000c7600000, 0x00000000c7700000|  0%| F|  |TAMS 0x00000000c7600000| PB 0x00000000c7600000| Untracked 
|  41|0x00000000c7700000, 0x00000000c7700000, 0x00000000c7800000|  0%| F|  |TAMS 0x00000000c7700000| PB 0x00000000c7700000| Untracked 
|  42|0x00000000c7800000, 0x00000000c7800000, 0x00000000c7900000|  0%| F|  |TAMS 0x00000000c7800000| PB 0x00000000c7800000| Untracked 
|  43|0x00000000c7900000, 0x00000000c7900000, 0x00000000c7a00000|  0%| F|  |TAMS 0x00000000c7900000| PB 0x00000000c7900000| Untracked 
|  44|0x00000000c7a00000, 0x00000000c7a00000, 0x00000000c7b00000|  0%| F|  |TAMS 0x00000000c7a00000| PB 0x00000000c7a00000| Untracked 
|  45|0x00000000c7b00000, 0x00000000c7b00000, 0x00000000c7c00000|  0%| F|  |TAMS 0x00000000c7b00000| PB 0x00000000c7b00000| Untracked 
|  46|0x00000000c7c00000, 0x00000000c7c00000, 0x00000000c7d00000|  0%| F|  |TAMS 0x00000000c7c00000| PB 0x00000000c7c00000| Untracked 
|  47|0x00000000c7d00000, 0x00000000c7d00000, 0x00000000c7e00000|  0%| F|  |TAMS 0x00000000c7d00000| PB 0x00000000c7d00000| Untracked 
|  48|0x00000000c7e00000, 0x00000000c7e00000, 0x00000000c7f00000|  0%| F|  |TAMS 0x00000000c7e00000| PB 0x00000000c7e00000| Untracked 
|  49|0x00000000c7f00000, 0x00000000c7f00000, 0x00000000c8000000|  0%| F|  |TAMS 0x00000000c7f00000| PB 0x00000000c7f00000| Untracked 
|  50|0x00000000c8000000, 0x00000000c8000000, 0x00000000c8100000|  0%| F|  |TAMS 0x00000000c8000000| PB 0x00000000c8000000| Untracked 
|  51|0x00000000c8100000, 0x00000000c8100000, 0x00000000c8200000|  0%| F|  |TAMS 0x00000000c8100000| PB 0x00000000c8100000| Untracked 
|  52|0x00000000c8200000, 0x00000000c8200000, 0x00000000c8300000|  0%| F|  |TAMS 0x00000000c8200000| PB 0x00000000c8200000| Untracked 
|  53|0x00000000c8300000, 0x00000000c838e2b0, 0x00000000c8400000| 55%| E|  |TAMS 0x00000000c8300000| PB 0x00000000c8300000| Complete 
|  54|0x00000000c8400000, 0x00000000c8500000, 0x00000000c8500000|100%| E|  |TAMS 0x00000000c8400000| PB 0x00000000c8400000| Complete 
|  55|0x00000000c8500000, 0x00000000c8600000, 0x00000000c8600000|100%| E|CS|TAMS 0x00000000c8500000| PB 0x00000000c8500000| Complete 
|  56|0x00000000c8600000, 0x00000000c8700000, 0x00000000c8700000|100%| E|CS|TAMS 0x00000000c8600000| PB 0x00000000c8600000| Complete 
|  57|0x00000000c8700000, 0x00000000c8800000, 0x00000000c8800000|100%| E|CS|TAMS 0x00000000c8700000| PB 0x00000000c8700000| Complete 
|  58|0x00000000c8800000, 0x00000000c8900000, 0x00000000c8900000|100%| E|CS|TAMS 0x00000000c8800000| PB 0x00000000c8800000| Complete 
|  59|0x00000000c8900000, 0x00000000c8a00000, 0x00000000c8a00000|100%| E|CS|TAMS 0x00000000c8900000| PB 0x00000000c8900000| Complete 

Card table byte_map: [0x00000175ed160000,0x00000175ed340000] _byte_map_base: 0x00000175ecb39000

Marking Bits: (CMBitMap*) 0x00000175e1a63e00
 Bits: [0x00000175ed340000, 0x00000175ee208000)

Polling page: 0x00000175df8e0000

Metaspace:

Usage:
  Non-class:     14.04 MB used.
      Class:      2.16 MB used.
       Both:     16.20 MB used.

Virtual space:
  Non-class space:       64.00 MB reserved,      14.25 MB ( 22%) committed,  1 nodes.
      Class space:        1.00 GB reserved,       2.38 MB ( <1%) committed,  1 nodes.
             Both:        1.06 GB reserved,      16.62 MB (  2%) committed. 

Chunk freelists:
   Non-Class:  1.44 MB
       Class:  13.50 MB
        Both:  14.93 MB

MaxMetaspaceSize: unlimited
CompressedClassSpaceSize: 1.00 GB
Initial GC threshold: 21.00 MB
Current GC threshold: 21.00 MB
CDS: on
 - commit_granule_bytes: 65536.
 - commit_granule_words: 8192.
 - virtual_space_node_default_size: 8388608.
 - enlarge_chunks_in_place: 1.
 - use_allocation_guard: 0.


Internal statistics:

num_allocs_failed_limit: 0.
num_arena_births: 474.
num_arena_deaths: 0.
num_vsnodes_births: 2.
num_vsnodes_deaths: 0.
num_space_committed: 266.
num_space_uncommitted: 0.
num_chunks_returned_to_freelist: 0.
num_chunks_taken_from_freelist: 955.
num_chunk_merges: 0.
num_chunk_splits: 641.
num_chunks_enlarged: 438.
num_inconsistent_stats: 0.

CodeCache: size=49152Kb used=4792Kb max_used=4792Kb free=44359Kb
 bounds [0x00000175ea160000, 0x00000175ea610000, 0x00000175ed160000]
 total_blobs=2842, nmethods=2329, adapters=437, full_count=0
Compilation: enabled, stopped_count=0, restarted_count=0

Compilation events (20 events):
Event: 6.917 Thread 0x00000175f0677650 2320       1       java.lang.reflect.Executable::getDeclaredAnnotations (8 bytes)
Event: 6.917 Thread 0x00000175f0677650 nmethod 2320 0x00000175ea60bb90 code [0x00000175ea60bd60, 0x00000175ea60bf08]
Event: 6.917 Thread 0x00000175f0677650 2321       1       java.lang.reflect.Method::getDeclaredAnnotations (5 bytes)
Event: 6.917 Thread 0x00000175f0677650 nmethod 2321 0x00000175ea60c010 code [0x00000175ea60c1e0, 0x00000175ea60c388]
Event: 6.917 Thread 0x00000175f0677650 2322       1       org.springframework.core.annotation.AnnotationTypeMapping::getDistance (5 bytes)
Event: 6.918 Thread 0x00000175f0677650 nmethod 2322 0x00000175ea60c490 code [0x00000175ea60c620, 0x00000175ea60c6e8]
Event: 6.919 Thread 0x00000175f0677650 2323       1       org.springframework.core.annotation.PackagesAnnotationFilter::matches (42 bytes)
Event: 6.920 Thread 0x00000175f0677650 nmethod 2323 0x00000175ea60c790 code [0x00000175ea60c940, 0x00000175ea60cad0]
Event: 6.920 Thread 0x00000175f0677650 2324       1       org.springframework.core.annotation.AnnotationFilter::matches (11 bytes)
Event: 6.921 Thread 0x00000175f0677650 nmethod 2324 0x00000175ea60cc10 code [0x00000175ea60cdc0, 0x00000175ea60cf00]
Event: 6.924 Thread 0x00000175f0677650 2325       1       java.lang.Character::isUpperCase (5 bytes)
Event: 6.925 Thread 0x00000175f0677650 nmethod 2325 0x00000175ea60d010 code [0x00000175ea60d1c0, 0x00000175ea60d2c8]
Event: 6.925 Thread 0x00000175f0677650 2326       1       java.lang.invoke.LambdaFormEditor$TransformKey::packedBytes (37 bytes)
Event: 6.925 Thread 0x00000175f0677650 nmethod 2326 0x00000175ea60d390 code [0x00000175ea60d520, 0x00000175ea60d5d8]
Event: 6.926 Thread 0x00000175f0677650 2327       1       java.lang.invoke.LambdaFormEditor$Transform::equals (32 bytes)
Event: 6.926 Thread 0x00000175f0677650 nmethod 2327 0x00000175ea60d690 code [0x00000175ea60d840, 0x00000175ea60d958]
Event: 6.927 Thread 0x00000175f0677650 2328       1       java.lang.invoke.InvokerBytecodeGenerator::<init> (80 bytes)
Event: 6.927 Thread 0x00000175f0677650 nmethod 2328 0x00000175ea60da10 code [0x00000175ea60dbc0, 0x00000175ea60dd68]
Event: 6.927 Thread 0x00000175f0677650 2329       1       jdk.internal.org.objectweb.asm.Type::getType (10 bytes)
Event: 6.927 Thread 0x00000175f0677650 nmethod 2329 0x00000175ea60df90 code [0x00000175ea60e140, 0x00000175ea60e228]

GC Heap History (6 events):
Event: 2.915 GC heap before
{Heap before GC invocations=0 (full 0):
 garbage-first heap   total 61440K, used 13312K [0x00000000c4e00000, 0x0000000100000000)
  region size 1024K, 13 young (13312K), 0 survivors (0K)
 Metaspace       used 4038K, committed 4160K, reserved 1114112K
  class space    used 477K, committed 512K, reserved 1048576K
}
Event: 2.931 GC heap after
{Heap after GC invocations=1 (full 0):
 garbage-first heap   total 61440K, used 6656K [0x00000000c4e00000, 0x0000000100000000)
  region size 1024K, 2 young (2048K), 2 survivors (2048K)
 Metaspace       used 4038K, committed 4160K, reserved 1114112K
  class space    used 477K, committed 512K, reserved 1048576K
}
Event: 4.591 GC heap before
{Heap before GC invocations=1 (full 0):
 garbage-first heap   total 61440K, used 19968K [0x00000000c4e00000, 0x0000000100000000)
  region size 1024K, 15 young (15360K), 2 survivors (2048K)
 Metaspace       used 8542K, committed 8832K, reserved 1114112K
  class space    used 1070K, committed 1216K, reserved 1048576K
}
Event: 4.600 GC heap after
{Heap after GC invocations=2 (full 0):
 garbage-first heap   total 61440K, used 8333K [0x00000000c4e00000, 0x0000000100000000)
  region size 1024K, 2 young (2048K), 2 survivors (2048K)
 Metaspace       used 8542K, committed 8832K, reserved 1114112K
  class space    used 1070K, committed 1216K, reserved 1048576K
}
Event: 6.684 GC heap before
{Heap before GC invocations=2 (full 0):
 garbage-first heap   total 61440K, used 32909K [0x00000000c4e00000, 0x0000000100000000)
  region size 1024K, 27 young (27648K), 2 survivors (2048K)
 Metaspace       used 14914K, committed 15296K, reserved 1114112K
  class space    used 1997K, committed 2176K, reserved 1048576K
}
Event: 6.692 GC heap after
{Heap after GC invocations=3 (full 0):
 garbage-first heap   total 61440K, used 10846K [0x00000000c4e00000, 0x0000000100000000)
  region size 1024K, 4 young (4096K), 4 survivors (4096K)
 Metaspace       used 14914K, committed 15296K, reserved 1114112K
  class space    used 1997K, committed 2176K, reserved 1048576K
}

Dll operation events (20 events):
Event: 0.055 Attempting to load shared library C:\Users\ap391\.jdks\ms-21.0.12\bin\java.dll
Event: 0.055 Loaded shared library C:\Users\ap391\.jdks\ms-21.0.12\bin\java.dll
Event: 0.240 Attempting to load shared library C:\Users\ap391\.jdks\ms-21.0.12\bin\zip.dll
Event: 0.240 Loaded shared library C:\Users\ap391\.jdks\ms-21.0.12\bin\zip.dll
Event: 0.246 Attempting to load shared library C:\Users\ap391\.jdks\ms-21.0.12\bin\instrument.dll
Event: 0.246 Loaded shared library C:\Users\ap391\.jdks\ms-21.0.12\bin\instrument.dll
Event: 0.252 Attempting to load shared library C:\Users\ap391\.jdks\ms-21.0.12\bin\net.dll
Event: 0.253 Loaded shared library C:\Users\ap391\.jdks\ms-21.0.12\bin\net.dll
Event: 0.255 Attempting to load shared library C:\Users\ap391\.jdks\ms-21.0.12\bin\nio.dll
Event: 0.255 Loaded shared library C:\Users\ap391\.jdks\ms-21.0.12\bin\nio.dll
Event: 0.259 Attempting to load shared library C:\Users\ap391\.jdks\ms-21.0.12\bin\zip.dll
Event: 0.259 Loaded shared library C:\Users\ap391\.jdks\ms-21.0.12\bin\zip.dll
Event: 1.988 Attempting to load shared library C:\Users\ap391\.jdks\ms-21.0.12\bin\extnet.dll
Event: 1.989 Loaded shared library C:\Users\ap391\.jdks\ms-21.0.12\bin\extnet.dll
Event: 2.005 Attempting to load shared library C:\Users\ap391\.jdks\ms-21.0.12\bin\jimage.dll
Event: 2.005 Loaded shared library C:\Users\ap391\.jdks\ms-21.0.12\bin\jimage.dll
Event: 2.061 Attempting to load shared library C:\Users\ap391\.jdks\ms-21.0.12\bin\management.dll
Event: 2.061 Loaded shared library C:\Users\ap391\.jdks\ms-21.0.12\bin\management.dll
Event: 2.087 Attempting to load shared library C:\Users\ap391\.jdks\ms-21.0.12\bin\management_ext.dll
Event: 2.089 Loaded shared library C:\Users\ap391\.jdks\ms-21.0.12\bin\management_ext.dll

Deoptimization events (0 events):
No events

Classes loaded (20 events):
Event: 6.706 Loading class java/lang/StackTraceElement$HashedModules
Event: 6.707 Loading class java/lang/StackTraceElement$HashedModules done
Event: 6.727 Loading class java/time/ZonedDateTime$1
Event: 6.728 Loading class java/time/ZonedDateTime$1 done
Event: 6.775 Loading class org/xml/sax/ErrorHandler
Event: 6.775 Loading class org/xml/sax/ErrorHandler done
Event: 6.775 Loading class org/xml/sax/EntityResolver
Event: 6.776 Loading class org/xml/sax/EntityResolver done
Event: 6.777 Loading class org/xml/sax/SAXParseException
Event: 6.782 Loading class org/xml/sax/SAXException
Event: 6.782 Loading class org/xml/sax/SAXException done
Event: 6.782 Loading class org/xml/sax/SAXParseException done
Event: 6.782 Loading class javax/xml/parsers/ParserConfigurationException
Event: 6.784 Loading class javax/xml/parsers/ParserConfigurationException done
Event: 6.822 Loading class java/io/CharArrayReader
Event: 6.822 Loading class java/io/CharArrayReader done
Event: 6.822 Loading class java/io/CharConversionException
Event: 6.823 Loading class java/io/CharConversionException done
Event: 6.867 Loading class java/lang/annotation/Repeatable
Event: 6.867 Loading class java/lang/annotation/Repeatable done

Classes unloaded (0 events):
No events

Classes redefined (0 events):
No events

Internal exceptions (20 events):
Event: 5.613 Thread 0x00000175e1a2b060 Exception <a 'java/lang/NoSuchMethodError'{0x00000000c8013af8}: 'int java.lang.invoke.DirectMethodHandle$Holder.invokeStaticInit(java.lang.Object, float, float)'> (0x00000000c8013af8) 
thrown [s\src\hotspot\share\interpreter\linkResolver.cpp, line 773]
Event: 5.614 Thread 0x00000175e1a2b060 Exception <a 'java/lang/NoSuchMethodError'{0x00000000c801a588}: 'int java.lang.invoke.DirectMethodHandle$Holder.invokeStaticInit(java.lang.Object, double, double)'> (0x00000000c801a588) 
thrown [s\src\hotspot\share\interpreter\linkResolver.cpp, line 773]
Event: 5.615 Thread 0x00000175e1a2b060 Exception <a 'java/lang/NoSuchMethodError'{0x00000000c801ea10}: 'int java.lang.invoke.DirectMethodHandle$Holder.invokeStatic(java.lang.Object, long)'> (0x00000000c801ea10) 
thrown [s\src\hotspot\share\interpreter\linkResolver.cpp, line 773]
Event: 5.626 Thread 0x00000175e1a2b060 Exception <a 'java/lang/NoSuchMethodError'{0x00000000c8040a70}: 'int java.lang.invoke.Invokers$Holder.linkToTargetMethod(java.lang.Object, java.lang.Object)'> (0x00000000c8040a70) 
thrown [s\src\hotspot\share\interpreter\linkResolver.cpp, line 773]
Event: 5.656 Thread 0x00000175e1a2b060 Exception <a 'java/lang/NoSuchMethodError'{0x00000000c80bb410}: 'java.lang.Object java.lang.invoke.DirectMethodHandle$Holder.invokeSpecial(java.lang.Object, java.lang.Object, java.lang.Object, int, java.lang.Object)'> (0x00000000c80bb410) 
thrown [s\src\hotspot\share\interpreter\linkResolver.cpp, line 773]
Event: 5.656 Thread 0x00000175e1a2b060 Exception <a 'java/lang/NoSuchMethodError'{0x00000000c80c2dd8}: 'java.lang.Object java.lang.invoke.DirectMethodHandle$Holder.newInvokeSpecial(java.lang.Object, java.lang.Object, java.lang.Object, int, java.lang.Object)'> (0x00000000c80c2dd8) 
thrown [s\src\hotspot\share\interpreter\linkResolver.cpp, line 773]
Event: 5.657 Thread 0x00000175e1a2b060 Exception <a 'java/lang/NoSuchMethodError'{0x00000000c80c6e18}: 'java.lang.Object java.lang.invoke.DirectMethodHandle$Holder.invokeSpecial(java.lang.Object, java.lang.Object, java.lang.Object, java.lang.Object, int, java.lang.Object)'> (0x00000000c80c6e18) 
thrown [s\src\hotspot\share\interpreter\linkResolver.cpp, line 773]
Event: 5.657 Thread 0x00000175e1a2b060 Exception <a 'java/lang/NoSuchMethodError'{0x00000000c80ca6a8}: 'java.lang.Object java.lang.invoke.Invokers$Holder.linkToTargetMethod(java.lang.Object, java.lang.Object, int, java.lang.Object, java.lang.Object)'> (0x00000000c80ca6a8) 
thrown [s\src\hotspot\share\interpreter\linkResolver.cpp, line 773]
Event: 5.659 Thread 0x00000175e1a2b060 Exception <a 'java/lang/NoSuchMethodError'{0x00000000c80d9510}: 'java.lang.Object java.lang.invoke.DirectMethodHandle$Holder.newInvokeSpecial(java.lang.Object, int, java.lang.Object)'> (0x00000000c80d9510) 
thrown [s\src\hotspot\share\interpreter\linkResolver.cpp, line 773]
Event: 5.660 Thread 0x00000175e1a2b060 Exception <a 'java/lang/NoSuchMethodError'{0x00000000c80dda40}: 'int java.lang.invoke.DirectMethodHandle$Holder.invokeSpecialIFC(java.lang.Object, java.lang.Object, java.lang.Object, java.lang.Object)'> (0x00000000c80dda40) 
thrown [s\src\hotspot\share\interpreter\linkResolver.cpp, line 773]
Event: 5.704 Thread 0x00000175e1a2b060 Exception <a 'java/lang/NoSuchMethodError'{0x00000000c7f810d0}: 'void java.lang.invoke.DirectMethodHandle$Holder.invokeInterface(java.lang.Object, java.lang.Object, java.lang.Object)'> (0x00000000c7f810d0) 
thrown [s\src\hotspot\share\interpreter\linkResolver.cpp, line 773]
Event: 5.828 Thread 0x00000175e1a2b060 Exception <a 'java/lang/NoSuchMethodError'{0x00000000c7ff5020}: 'java.lang.Object java.lang.invoke.DirectMethodHandle$Holder.invokeVirtual(java.lang.Object, java.lang.Object, java.lang.Object)'> (0x00000000c7ff5020) 
thrown [s\src\hotspot\share\interpreter\linkResolver.cpp, line 773]
Event: 5.890 Thread 0x00000175e1a2b060 Exception <a 'java/lang/NoSuchMethodError'{0x00000000c7eccce8}: 'void java.lang.invoke.DirectMethodHandle$Holder.invokeStatic(java.lang.Object, java.lang.Object, int)'> (0x00000000c7eccce8) 
thrown [s\src\hotspot\share\interpreter\linkResolver.cpp, line 773]
Event: 5.915 Thread 0x00000175e1a2b060 Exception <a 'java/lang/NoSuchMethodError'{0x00000000c7edca70}: 'void java.lang.invoke.DirectMethodHandle$Holder.invokeStaticInit(java.lang.Object, java.lang.Object, java.lang.Object)'> (0x00000000c7edca70) 
thrown [s\src\hotspot\share\interpreter\linkResolver.cpp, line 773]
Event: 5.933 Thread 0x00000175e1a2b060 Exception <a 'java/lang/NoSuchMethodError'{0x00000000c7d36330}: 'java.lang.Object java.lang.invoke.DirectMethodHandle$Holder.invokeStaticInit(java.lang.Object, int)'> (0x00000000c7d36330) 
thrown [s\src\hotspot\share\interpreter\linkResolver.cpp, line 773]
Event: 5.937 Thread 0x00000175e1a2b060 Exception <a 'java/lang/NoSuchMethodError'{0x00000000c7d405f0}: 'java.lang.Object java.lang.invoke.DirectMethodHandle$Holder.invokeStaticInit(java.lang.Object, int, java.lang.Object)'> (0x00000000c7d405f0) 
thrown [s\src\hotspot\share\interpreter\linkResolver.cpp, line 773]
Event: 5.998 Thread 0x00000175e1a2b060 Exception <a 'java/lang/NoSuchMethodError'{0x00000000c7dcfce0}: 'void java.lang.invoke.DirectMethodHandle$Holder.invokeVirtual(java.lang.Object, java.lang.Object, java.lang.Object, java.lang.Object)'> (0x00000000c7dcfce0) 
thrown [s\src\hotspot\share\interpreter\linkResolver.cpp, line 773]
Event: 6.344 Thread 0x00000175e1a2b060 Exception <a 'java/lang/NoSuchMethodError'{0x00000000c786c918}: 'java.lang.Object java.lang.invoke.Invokers$Holder.invoke_MT(java.lang.Object, java.lang.Object, java.lang.Object, java.lang.Object, java.lang.Object, java.lang.Object, java.lang.Object, java.lang.Object, java.lang.Object)'> (0x00000000c786c918) 
thrown [s\src\hotspot\share\interpreter\linkResolver.cpp, line 773]
Event: 6.353 Thread 0x00000175e1a2b060 Exception <a 'java/lang/NoSuchMethodError'{0x00000000c789b020}: 'java.lang.reflect.Field[] java.lang.Class.getDeclaredFields(java.lang.Class)'> (0x00000000c789b020) 
thrown [s\src\hotspot\share\interpreter\linkResolver.cpp, line 773]
Event: 6.381 Thread 0x00000175e1a2b060 Exception <a 'java/lang/IncompatibleClassChangeError'{0x00000000c77738b8}: Found class java.lang.Object, but interface was expected> (0x00000000c77738b8) 
thrown [s\src\hotspot\share\interpreter\linkResolver.cpp, line 840]

ZGC Phase Switch (0 events):
No events

VM Operations (20 events):
Event: 3.280 Executing non-safepoint VM operation: HandshakeAllThreads (Deoptimize)
Event: 3.281 Executing non-safepoint VM operation: HandshakeAllThreads (Deoptimize) done
Event: 3.515 Executing non-safepoint VM operation: HandshakeAllThreads (Deoptimize)
Event: 3.515 Executing non-safepoint VM operation: HandshakeAllThreads (Deoptimize) done
Event: 3.897 Executing non-safepoint VM operation: HandshakeAllThreads (Deoptimize)
Event: 3.897 Executing non-safepoint VM operation: HandshakeAllThreads (Deoptimize) done
Event: 3.988 Executing non-safepoint VM operation: HandshakeAllThreads (Deoptimize)
Event: 3.988 Executing non-safepoint VM operation: HandshakeAllThreads (Deoptimize) done
Event: 3.988 Executing safepoint VM operation: Cleanup
Event: 3.988 Executing safepoint VM operation: Cleanup done
Event: 4.591 Executing safepoint VM operation: G1CollectForAllocation (G1 Evacuation Pause)
Event: 4.600 Executing safepoint VM operation: G1CollectForAllocation (G1 Evacuation Pause) done
Event: 5.606 Executing safepoint VM operation: Cleanup
Event: 5.606 Executing safepoint VM operation: Cleanup done
Event: 6.308 Executing non-safepoint VM operation: HandshakeAllThreads (Deoptimize)
Event: 6.308 Executing non-safepoint VM operation: HandshakeAllThreads (Deoptimize) done
Event: 6.316 Executing non-safepoint VM operation: HandshakeAllThreads (Deoptimize)
Event: 6.316 Executing non-safepoint VM operation: HandshakeAllThreads (Deoptimize) done
Event: 6.684 Executing safepoint VM operation: G1CollectForAllocation (G1 Evacuation Pause)
Event: 6.692 Executing safepoint VM operation: G1CollectForAllocation (G1 Evacuation Pause) done

Memory protections (0 events):
No events

Nmethod flushes (0 events):
No events

Events (13 events):
Event: 0.076 Thread 0x00000175e1a2b060 Thread added: 0x00000175e1a2b060
Event: 0.095 Thread 0x00000175e1a2b060 Thread added: 0x00000175f066bd00
Event: 0.095 Thread 0x00000175e1a2b060 Thread added: 0x00000175f066cc20
Event: 0.096 Thread 0x00000175e1a2b060 Thread added: 0x00000175f06701f0
Event: 0.096 Thread 0x00000175e1a2b060 Thread added: 0x00000175f0672560
Event: 0.096 Thread 0x00000175e1a2b060 Thread added: 0x00000175f0673240
Event: 0.096 Thread 0x00000175e1a2b060 Thread added: 0x00000175f0674be0
Event: 0.096 Thread 0x00000175e1a2b060 Thread added: 0x00000175f0677650
Event: 0.250 Thread 0x00000175e1a2b060 Thread added: 0x00000175f07b5c90
Event: 1.969 Thread 0x00000175e1a2b060 Thread added: 0x00000175f50cdc30
Event: 1.969 Thread 0x00000175e1a2b060 Thread added: 0x00000175f50ccf00
Event: 3.248 Thread 0x00000175e1a2b060 Thread added: 0x00000175f5209140
Event: 6.339 Thread 0x00000175e1a2b060 Thread added: 0x00000175f5852660


Dynamic libraries:
0x00007ff613d40000 - 0x00007ff613d4e000 	C:\Users\ap391\.jdks\ms-21.0.12\bin\java.exe
0x00007ff90ba10000 - 0x00007ff90bc08000 	C:\WINDOWS\SYSTEM32\ntdll.dll
0x00007ff90ad30000 - 0x00007ff90adf2000 	C:\WINDOWS\System32\KERNEL32.DLL
0x00007ff909560000 - 0x00007ff909856000 	C:\WINDOWS\System32\KERNELBASE.dll
0x00007ff909460000 - 0x00007ff909560000 	C:\WINDOWS\System32\ucrtbase.dll
0x00007ff8eb6f0000 - 0x00007ff8eb708000 	C:\Users\ap391\.jdks\ms-21.0.12\bin\jli.dll
0x00007ff8eb770000 - 0x00007ff8eb78e000 	C:\Users\ap391\.jdks\ms-21.0.12\bin\VCRUNTIME140.dll
0x00007ff909af0000 - 0x00007ff909c91000 	C:\WINDOWS\System32\USER32.dll
0x00007ff9092b0000 - 0x00007ff9092d2000 	C:\WINDOWS\System32\win32u.dll
0x00007ff90afb0000 - 0x00007ff90afdb000 	C:\WINDOWS\System32\GDI32.dll
0x00007ff909910000 - 0x00007ff909a29000 	C:\WINDOWS\System32\gdi32full.dll
0x00007ff8ec840000 - 0x00007ff8ecadb000 	C:\WINDOWS\WinSxS\amd64_microsoft.windows.common-controls_6595b64144ccf1df_6.0.19041.6456_none_60b8a6cb71f64256\COMCTL32.dll
0x00007ff9092e0000 - 0x00007ff90937d000 	C:\WINDOWS\System32\msvcp_win.dll
0x00007ff90a110000 - 0x00007ff90a1ae000 	C:\WINDOWS\System32\msvcrt.dll
0x00007ff90a950000 - 0x00007ff90a97f000 	C:\WINDOWS\System32\IMM32.DLL
0x00007ff8ec390000 - 0x00007ff8ec39c000 	C:\Users\ap391\.jdks\ms-21.0.12\bin\vcruntime140_1.dll
0x00007ff8db480000 - 0x00007ff8db509000 	C:\Users\ap391\.jdks\ms-21.0.12\bin\msvcp140.dll
0x00007ff8541a0000 - 0x00007ff854f4f000 	C:\Users\ap391\.jdks\ms-21.0.12\bin\server\jvm.dll
0x00007ff909a30000 - 0x00007ff909ae1000 	C:\WINDOWS\System32\ADVAPI32.dll
0x00007ff90b750000 - 0x00007ff90b7ef000 	C:\WINDOWS\System32\sechost.dll
0x00007ff90aa60000 - 0x00007ff90ab80000 	C:\WINDOWS\System32\RPCRT4.dll
0x00007ff9090a0000 - 0x00007ff9090c7000 	C:\WINDOWS\System32\bcrypt.dll
0x00007ff90ae60000 - 0x00007ff90aecb000 	C:\WINDOWS\System32\WS2_32.dll
0x00007ff908e50000 - 0x00007ff908e9b000 	C:\WINDOWS\SYSTEM32\POWRPROF.dll
0x00007ff8e6710000 - 0x00007ff8e6737000 	C:\WINDOWS\SYSTEM32\WINMM.dll
0x00007ff900a10000 - 0x00007ff900a1a000 	C:\WINDOWS\SYSTEM32\VERSION.dll
0x00007ff908e30000 - 0x00007ff908e42000 	C:\WINDOWS\SYSTEM32\UMPDC.dll
0x00007ff9078b0000 - 0x00007ff9078c2000 	C:\WINDOWS\SYSTEM32\kernel.appcore.dll
0x00007ff8eb760000 - 0x00007ff8eb76a000 	C:\Users\ap391\.jdks\ms-21.0.12\bin\jimage.dll
0x00007ff906df0000 - 0x00007ff906ff1000 	C:\WINDOWS\SYSTEM32\DBGHELP.DLL
0x00007ff8ebbc0000 - 0x00007ff8ebbf4000 	C:\WINDOWS\SYSTEM32\dbgcore.DLL
0x00007ff9093d0000 - 0x00007ff909452000 	C:\WINDOWS\System32\bcryptPrimitives.dll
0x00007ff8dcc40000 - 0x00007ff8dcc50000 	C:\Users\ap391\.jdks\ms-21.0.12\bin\instrument.dll
0x00007ff8e5f90000 - 0x00007ff8e5fb1000 	C:\Users\ap391\.jdks\ms-21.0.12\bin\java.dll
0x00007ff90afe0000 - 0x00007ff90b750000 	C:\WINDOWS\System32\SHELL32.dll
0x00007ff907000000 - 0x00007ff9077a5000 	C:\WINDOWS\SYSTEM32\windows.storage.dll
0x00007ff90a5f0000 - 0x00007ff90a944000 	C:\WINDOWS\System32\combase.dll
0x00007ff908a60000 - 0x00007ff908a8b000 	C:\WINDOWS\SYSTEM32\Wldp.dll
0x00007ff90a980000 - 0x00007ff90aa4d000 	C:\WINDOWS\System32\OLEAUT32.dll
0x00007ff90a530000 - 0x00007ff90a5dd000 	C:\WINDOWS\System32\SHCORE.dll
0x00007ff90af50000 - 0x00007ff90afab000 	C:\WINDOWS\System32\shlwapi.dll
0x00007ff908fd0000 - 0x00007ff908ff4000 	C:\WINDOWS\SYSTEM32\profapi.dll
0x00007ff8dd010000 - 0x00007ff8dd028000 	C:\Users\ap391\.jdks\ms-21.0.12\bin\zip.dll
0x00007ff8e5f40000 - 0x00007ff8e5f51000 	C:\Users\ap391\.jdks\ms-21.0.12\bin\net.dll
0x00007ff8fe140000 - 0x00007ff8fe24a000 	C:\WINDOWS\SYSTEM32\WINHTTP.dll
0x00007ff908750000 - 0x00007ff9087ba000 	C:\WINDOWS\system32\mswsock.dll
0x00007ff8de690000 - 0x00007ff8de6a6000 	C:\Users\ap391\.jdks\ms-21.0.12\bin\nio.dll
0x00007ff8de290000 - 0x00007ff8de299000 	C:\Users\ap391\.jdks\ms-21.0.12\bin\extnet.dll
0x00007ff908470000 - 0x00007ff90853a000 	C:\WINDOWS\SYSTEM32\DNSAPI.dll
0x00007ff908430000 - 0x00007ff90846b000 	C:\WINDOWS\SYSTEM32\IPHLPAPI.DLL
0x00007ff90b7f0000 - 0x00007ff90b7f8000 	C:\WINDOWS\System32\NSI.dll
0x00007ff8f3ca0000 - 0x00007ff8f3caa000 	C:\Windows\System32\rasadhlp.dll
0x00007ff8f3fd0000 - 0x00007ff8f4050000 	C:\WINDOWS\System32\fwpuclnt.dll
0x00007ff8eb6e0000 - 0x00007ff8eb6ea000 	C:\Users\ap391\.jdks\ms-21.0.12\bin\management.dll
0x00007ff8eb4e0000 - 0x00007ff8eb4ec000 	C:\Users\ap391\.jdks\ms-21.0.12\bin\management_ext.dll
0x00007ff90aa50000 - 0x00007ff90aa58000 	C:\WINDOWS\System32\PSAPI.DLL
0x00007ff908940000 - 0x00007ff908958000 	C:\WINDOWS\SYSTEM32\CRYPTSP.dll
0x00007ff908070000 - 0x00007ff9080a8000 	C:\WINDOWS\system32\rsaenh.dll
0x00007ff908f50000 - 0x00007ff908f7e000 	C:\WINDOWS\SYSTEM32\USERENV.dll
0x00007ff908960000 - 0x00007ff90896c000 	C:\WINDOWS\SYSTEM32\CRYPTBASE.dll
0x00007ff9037b0000 - 0x00007ff9037c7000 	C:\WINDOWS\system32\napinsp.dll
0x00007ff8eb3a0000 - 0x00007ff8eb3bb000 	C:\WINDOWS\system32\pnrpnsp.dll
0x00007ff905790000 - 0x00007ff9057ad000 	C:\WINDOWS\system32\wshbth.dll
0x00007ff903980000 - 0x00007ff90399d000 	C:\WINDOWS\system32\NLAapi.dll
0x00007ff8e2f90000 - 0x00007ff8e2fa2000 	C:\WINDOWS\System32\winrnr.dll

JVMTI agents:
C:\Program Files\JetBrains\IntelliJ IDEA 2026.2.0.1\lib\idea_rt.jar path:C:\Users\ap391\.jdks\ms-21.0.12\bin\instrument.dll, loaded, initialized, instrumentlib options:52169

dbghelp: loaded successfully - version: 4.0.5 - missing functions: none
symbol engine: initialized successfully - sym options: 0x614 - pdb path: .;C:\Users\ap391\.jdks\ms-21.0.12\bin;C:\WINDOWS\SYSTEM32;C:\WINDOWS\WinSxS\amd64_microsoft.windows.common-controls_6595b64144ccf1df_6.0.19041.6456_none_60b8a6cb71f64256;C:\Users\ap391\.jdks\ms-21.0.12\bin\server

VM Arguments:
jvm_args: -XX:TieredStopAtLevel=1 -Dspring.output.ansi.enabled=always -Dcom.sun.management.jmxremote -Dspring.jmx.enabled=true -Dspring.liveBeansView.mbeanDomain -Dspring.application.admin.enabled=true -Dmanagement.endpoints.jmx.exposure.include=* -javaagent:C:\Program Files\JetBrains\IntelliJ IDEA 2026.2.0.1\lib\idea_rt.jar=52169 -Dfile.encoding=UTF-8 -Dsun.stdout.encoding=UTF-8 -Dsun.stderr.encoding=UTF-8 
java_command: com.example.clickrush.ClickrushApplication
java_class_path (initial): C:\Users\ap391\OneDrive\Desktop\clickrush-backend\target\classes;C:\Users\ap391\.m2\repository\org\springframework\boot\spring-boot-starter-web\4.1.0\spring-boot-starter-web-4.1.0.jar;C:\Users\ap391\.m2\repository\org\springframework\boot\spring-boot-starter-jackson\4.1.0\spring-boot-starter-jackson-4.1.0.jar;C:\Users\ap391\.m2\repository\org\springframework\boot\spring-boot-jackson\4.1.0\spring-boot-jackson-4.1.0.jar;C:\Users\ap391\.m2\repository\tools\jackson\core\jackson-databind\3.1.4\jackson-databind-3.1.4.jar;C:\Users\ap391\.m2\repository\com\fasterxml\jackson\core\jackson-annotations\2.21\jackson-annotations-2.21.jar;C:\Users\ap391\.m2\repository\tools\jackson\core\jackson-core\3.1.4\jackson-core-3.1.4.jar;C:\Users\ap391\.m2\repository\org\springframework\boot\spring-boot-starter-tomcat\4.1.0\spring-boot-starter-tomcat-4.1.0.jar;C:\Users\ap391\.m2\repository\org\springframework\boot\spring-boot-starter-tomcat-runtime\4.1.0\spring-boot-starter-tomcat-runtime-4.1.0.jar;C:\Users\ap391\.m2\repository\org\springframework\boot\spring-boot-web-server\4.1.0\spring-boot-web-server-4.1.0.jar;C:\Users\ap391\.m2\repository\org\apache\tomcat\embed\tomcat-embed-core\11.0.22\tomcat-embed-core-11.0.22.jar;C:\Users\ap391\.m2\repository\org\apache\tomcat\embed\tomcat-embed-websocket\11.0.22\tomcat-embed-websocket-11.0.22.jar;C:\Users\ap391\.m2\repository\org\springframework\boot\spring-boot-tomcat\4.1.0\spring-boot-tomcat-4.1.0.jar;C:\Users\ap391\.m2\repository\org\springframework\boot\spring-boot-http-converter\4.1.0\spring-boot-http-converter-4.1.0.jar;C:\Users\ap391\.m2\repository\org\springframework\boot\spring-boot\4.1.0\spring-boot-4.1.0.jar;C:\Users\ap391\.m2\repository\org\springframework\spring-web\7.0.8\spring-web-7.0.8.jar;C:\Users\ap391\.m2\repository\org\springframework\boot\spring-boot-webmvc\4.1.0\spring-boot-webmvc-4.1.0.jar;C:\Users\ap391\.m2\repository\org\springframework\boot\spring-boot-servlet\4.1.0\spring-boot-servlet-4.1.0.jar;C:\Users\ap391\.m2\repository\org\springframework\spring-webmvc\7.0.8\spring-webmvc-7.0.8.jar;C:\Users\ap391\.m2\repository\org\springframework\boot\spring-boot-starter-data-jpa\4.1.0\spring-boot-starter-data-jpa-4.1.0.jar;C:\Users\ap391\.m2\repository\org\springframework\boot\spring-boot-starter\4.1.0\spring-boot-starter-4.1.0.jar;C:\Users\ap391\.m2\repository\org\springframework\boot\spring-boot-starter-logging\4.1.0\spring-boot-starter-logging-4.1.0.jar;C:\Users\ap391\.m2\repository\ch\qos\logback\logback-classic\1.5.34\logback-classic-1.5.34.jar;C:\Users\ap391\.m2\repository\ch\qos\logback\logback-core\1.5.34\logback-core-1.5.34.jar;C:\Users\ap391\.m2\repository\org\apache\logging\log4j\log4j-to-slf4j\2.25.4\log4j-to-slf4j-2.25.4.jar;C:\Users\ap391\.m2\repository\org\apache\logging\log4j\log4j-api\2.25.4\log4j-api-2.25.4.jar;C:\Users\ap391\.m2\repository\org\slf4j\jul-to-slf4j\2.0.18\jul-to-slf4j-2.0.18.jar;C:\Users\ap391\.m2\repository\org\springframework\boot\spring-boot-autoconfigure\4.1.0\spring-boot-autoconfigure-4.1.0.jar;C:\Users\ap391\.m2\repository\jakarta\annotation\jakarta.annotation-api\3.0.0\jakarta.annotation-api-3.0.0.jar;C:\Users\ap391\.m2\repository\org\yaml\snakeyaml\2.6\snakeyaml-2.6.jar;C:\Users\ap391\.m2\repository\org\springframework\boot\spring-boot-starter-jdbc\4.1.0\spring-boot-starter-jdbc-4.1.0.jar;C:\Users\ap391\.m2\repository\com\zaxxer\HikariCP\7.0.2\HikariCP-7.0.2.jar;C:\Users\ap391\.m2\repository\org\springframework\boot\spring-boot-data-jpa\4.1.0\spring-boot-data-jpa-4.1.0.jar;C:\Users\ap391\.m2\repository\org\springframework\boot\spring-boot-data-commons\4.1.0\spring-boot-data-commons-4.1.0.jar;C:\Users\ap391\.m2\repository\org\springframework\boot\spring-boot-persistence\4.1.0\spring-boot-persistence-4.1.0.jar;C:\Users\ap391\.m2\repository\org\springframework\data\spring-data-commons\4.1.0\spring-data-commons-4.1.0.jar;C:\Users\ap391\.m2\repository\org\springframework\boot\spring-boot-hibernate\4.1.0\spring-boot-hibernate-4.1.0.jar;C:\Users\ap391\.m2\repository\org\springframework\boot\spring-boot-jpa\4.1.0\spring-boot-jpa-4.1.0.jar;C:\Users\ap391\.m2\repository\jakarta\persistence\jakarta.persistence-api\3.2.0\jakarta.persistence-api-3.2.0.jar;C:\Users\ap391\.m2\repository\org\hibernate\orm\hibernate-core\7.4.1.Final\hibernate-core-7.4.1.Final.jar;C:\Users\ap391\.m2\repository\jakarta\transaction\jakarta.transaction-api\2.0.1\jakarta.transaction-api-2.0.1.jar;C:\Users\ap391\.m2\repository\org\hibernate\models\hibernate-models\1.1.1\hibernate-models-1.1.1.jar;C:\Users\ap391\.m2\repository\org\glassfish\jaxb\jaxb-runtime\4.0.9\jaxb-runtime-4.0.9.jar;C:\Users\ap391\.m2\repository\org\glassfish\jaxb\jaxb-core\4.0.9\jaxb-core-4.0.9.jar;C:\Users\ap391\.m2\repository\org\eclipse\angus\angus-activation\2.0.3\angus-activation-2.0.3.jar;C:\Users\ap391\.m2\repository\org\glassfish\jaxb\txw2\4.0.9\txw2-4.0.9.jar;C:\Users\ap391\.m2\repository\com\sun\istack\istack-commons-runtime\4.1.2\istack-commons-runtime-4.1.2.jar;C:\Users\ap391\.m2\repository\jakarta\inject\jakarta.inject-api\2.0.1\jakarta.inject-api-2.0.1.jar;C:\Users\ap391\.m2\repository\org\springframework\spring-orm\7.0.8\spring-orm-7.0.8.jar;C:\Users\ap391\.m2\repository\org\springframework\data\spring-data-jpa\4.1.0\spring-data-jpa-4.1.0.jar;C:\Users\ap391\.m2\repository\org\springframework\spring-tx\7.0.8\spring-tx-7.0.8.jar;C:\Users\ap391\.m2\repository\org\antlr\antlr4-runtime\4.13.2\antlr4-runtime-4.13.2.jar;C:\Users\ap391\.m2\repository\org\springframework\spring-aspects\7.0.8\spring-aspects-7.0.8.jar;C:\Users\ap391\.m2\repository\org\aspectj\aspectjweaver\1.9.25.1\aspectjweaver-1.9.25.1.jar;C:\Users\ap391\.m2\repository\org\springframework\boot\spring-boot-jdbc\4.1.0\spring-boot-jdbc-4.1.0.jar;C:\Users\ap391\.m2\repository\org\springframework\boot\spring-boot-sql\4.1.0\spring-boot-sql-4.1.0.jar;C:\Users\ap391\.m2\repository\org\springframework\boot\spring-boot-transaction\4.1.0\spring-boot-transaction-4.1.0.jar;C:\Users\ap391\.m2\repository\org\springframework\spring-jdbc\7.0.8\spring-jdbc-7.0.8.jar;C:\Users\ap391\.m2\repository\org\springframework\boot\spring-boot-starter-security\4.1.0\spring-boot-starter-security-4.1.0.jar;C:\Users\ap391\.m2\repository\org\springframework\boot\spring-boot-security\4.1.0\spring-boot-security-4.1.0.jar;C:\Users\ap391\.m2\repository\org\springframework\security\spring-security-config\7.1.0\spring-security-config-7.1.0.jar;C:\Users\ap391\.m2\repository\org\springframework\spring-aop\7.0.8\spring-aop-7.0.8.jar;C:\Users\ap391\.m2\repository\org\springframework\spring-beans\7.0.8\spring-beans-7.0.8.jar;C:\Users\ap391\.m2\repository\org\postgresql\postgresql\42.7.11\postgresql-42.7.11.jar;C:\Users\ap391\.m2\repository\org\projectlombok\lombok\1.18.46\lombok-1.18.46.jar;C:\Users\ap391\.m2\repository\org\springframework\boot\spring-boot-starter-validation\4.1.0\spring-boot-starter-validation-4.1.0.jar;C:\Users\ap391\.m2\repository\org\springframework\boot\spring-boot-validation\4.1.0\spring-boot-validation-4.1.0.jar;C:\Users\ap391\.m2\repository\org\apache\tomcat\embed\tomcat-embed-el\11.0.22\tomcat-embed-el-11.0.22.jar;C:\Users\ap391\.m2\repository\org\hibernate\validator\hibernate-validator\9.1.0.Final\hibernate-validator-9.1.0.Final.jar;C:\Users\ap391\.m2\repository\jakarta\validation\jakarta.validation-api\3.1.1\jakarta.validation-api-3.1.1.jar;C:\Users\ap391\.m2\repository\org\jboss\logging\jboss-logging\3.6.3.Final\jboss-logging-3.6.3.Final.jar;C:\Users\ap391\.m2\repository\com\fasterxml\classmate\1.7.3\classmate-1.7.3.jar;C:\Users\ap391\.m2\repository\org\slf4j\slf4j-api\2.0.18\slf4j-api-2.0.18.jar;C:\Users\ap391\.m2\repository\jakarta\xml\bind\jakarta.xml.bind-api\4.0.5\jakarta.xml.bind-api-4.0.5.jar;C:\Users\ap391\.m2\repository\jakarta\activation\jakarta.activation-api\2.1.4\jakarta.activation-api-2.1.4.jar;C:\Users\ap391\.m2\repository\net\bytebuddy\byte-buddy\1.18.10\byte-buddy-1.18.10.jar;C:\Users\ap391\.m2\repository\org\springframework\spring-core\7.0.8\spring-core-7.0.8.jar;C:\Users\ap391\.m2\repository\commons-logging\commons-logging\1.3.6\commons-logging-1.3.6.jar;C:\Users\ap391\.m2\repository\org\jspecify\jspecify\1.0.0\jspecify-1.0.0.jar;C:\Users\ap391\.m2\repository\org\springframework\security\spring-security-core\7.1.0\spring-security-core-7.1.0.jar;C:\Users\ap391\.m2\repository\org\springframework\security\spring-security-crypto\7.1.0\spring-security-crypto-7.1.0.jar;C:\Users\ap391\.m2\repository\org\springframework\spring-context\7.0.8\spring-context-7.0.8.jar;C:\Users\ap391\.m2\repository\org\springframework\spring-expression\7.0.8\spring-expression-7.0.8.jar;C:\Users\ap391\.m2\repository\io\micrometer\micrometer-observation\1.17.0\micrometer-observation-1.17.0.jar;C:\Users\ap391\.m2\repository\io\micrometer\micrometer-commons\1.17.0\micrometer-commons-1.17.0.jar;C:\Users\ap391\.m2\repository\org\springframework\security\spring-security-web\7.1.0\spring-security-web-7.1.0.jar
Launcher Type: SUN_STANDARD

[Global flags]
     intx CICompilerCount                          = 3                                         {product} {ergonomic}
     uint ConcGCThreads                            = 1                                         {product} {ergonomic}
     uint G1ConcRefinementThreads                  = 4                                         {product} {ergonomic}
   size_t G1HeapRegionSize                         = 1048576                                   {product} {ergonomic}
    uintx GCDrainStackTargetSize                   = 64                                        {product} {ergonomic}
   size_t InitialHeapSize                          = 62914560                                  {product} {ergonomic}
     bool ManagementServer                         = true                                      {product} {command line}
   size_t MarkStackSize                            = 4194304                                   {product} {ergonomic}
   size_t MaxHeapSize                              = 991952896                                 {product} {ergonomic}
   size_t MaxNewSize                               = 594542592                                 {product} {ergonomic}
   size_t MinHeapDeltaBytes                        = 1048576                                   {product} {ergonomic}
   size_t MinHeapSize                              = 8388608                                   {product} {ergonomic}
    uintx NonNMethodCodeHeapSize                   = 4096                                   {pd product} {ergonomic}
    uintx NonProfiledCodeHeapSize                  = 0                                      {pd product} {ergonomic}
     bool ProfileInterpreter                       = false                                  {pd product} {command line}
    uintx ProfiledCodeHeapSize                     = 0                                      {pd product} {ergonomic}
   size_t SoftMaxHeapSize                          = 991952896                              {manageable} {ergonomic}
     intx TieredStopAtLevel                        = 1                                         {product} {command line}
     bool UseCompressedOops                        = true                           {product lp64_product} {ergonomic}
     bool UseG1GC                                  = true                                      {product} {ergonomic}
     bool UseLargePagesIndividualAllocation        = false                                  {pd product} {ergonomic}

Logging:
Log output configuration:
 #0: stdout all=warning uptime,level,tags foldmultilines=false
 #1: stderr all=off uptime,level,tags foldmultilines=false

Release file:
IMPLEMENTOR="Microsoft" 
IMPLEMENTOR_VERSION="Microsoft-14653896" 
JAVA_RUNTIME_VERSION="21.0.12+8-LTS" 
JAVA_VERSION="21.0.12" 
JAVA_VERSION_DATE="2026-07-21" 
LIBC="default" 
MODULES="java.base java.compiler java.datatransfer java.xml java.prefs java.desktop java.instrument java.logging java.management java.security.sasl java.naming java.rmi java.management.rmi java.net.http java.scripting java.security.jgss java.transaction.xa java.sql java.sql.rowset java.xml.crypto java.se java.smartcardio jdk.accessibility jdk.internal.jvmstat jdk.attach jdk.charsets jdk.internal.opt jdk.zipfs jdk.compiler jdk.crypto.ec jdk.crypto.cryptoki jdk.crypto.mscapi jdk.dynalink jdk.internal.ed jdk.editpad jdk.hotspot.agent jdk.httpserver jdk.incubator.vector jdk.internal.le jdk.internal.vm.ci jdk.internal.vm.compiler jdk.internal.vm.compiler.management jdk.jartool jdk.javadoc jdk.jcmd jdk.management jdk.management.agent jdk.jconsole jdk.jdeps jdk.jdwp.agent jdk.jdi jdk.jfr jdk.jlink jdk.jpackage jdk.jshell jdk.jsobject jdk.jstatd jdk.localedata jdk.management.jfr jdk.naming.dns jdk.naming.rmi jdk.net jdk.nio.mapmode jdk.random jdk.sctp jdk.security.auth jdk.security.jgss jdk.unsupported jdk.unsupported.desktop jdk.xml.dom" 
OS_ARCH="x86_64" 
OS_NAME="Windows" 
SOURCE=".:git:ffd52e07a1a6" 

Environment Variables:
PATH=C:\Python314\Scripts\;C:\Python314\;C:\Program Files\Volta\;C:\WINDOWS\system32;C:\WINDOWS;C:\WINDOWS\System32\Wbem;C:\WINDOWS\System32\WindowsPowerShell\v1.0\;C:\WINDOWS\System32\OpenSSH\;C:\Program Files\Git\cmd;C:\Program Files\nodejs\;C:\ProgramData\chocolatey\bin;C:\Users\ap391\AppData\Local\Volta\bin;C:\Users\ap391\AppData\Local\Microsoft\WindowsApps;C:\Users\ap391\AppData\Local\Programs\Microsoft VS Code\bin;C:\Users\ap391\AppData\Local\Programs\cursor\resources\app\bin;C:\Users\ap391\AppData\Roaming\npm
USERNAME=ap391
OS=Windows_NT
PROCESSOR_IDENTIFIER=Intel64 Family 6 Model 126 Stepping 5, GenuineIntel
TMP=C:\Users\ap391\AppData\Local\Temp
TEMP=C:\Users\ap391\AppData\Local\Temp




Periodic native trim disabled

---------------  S Y S T E M  ---------------

OS:
 Windows 10 , 64 bit Build 19041 (10.0.19041.5915)
OS uptime: 0 days 9:57 hours

CPU: total 4 (initial active 4) (2 cores per cpu, 2 threads per core) family 6 model 126 stepping 5 microcode 0xa8, cx8, cmov, fxsr, ht, mmx, 3dnowpref, sse, sse2, sse3, ssse3, sse4.1, sse4.2, popcnt, lzcnt, tsc, tscinvbit, avx, avx2, aes, erms, clmul, bmi1, bmi2, adx, avx512f, avx512dq, avx512cd, avx512bw, avx512vl, sha, fma, vzeroupper, avx512_vpopcntdq, avx512_vpclmulqdq, avx512_vaes, avx512_vnni, clflush, clflushopt, avx512_vbmi2, avx512_vbmi, rdtscp, rdpid, fsrm, gfni, avx512_bitalg, f16c, pku, avx512_ifma
Processor Information for the first 4 processors :
  Max Mhz: 1190, Current Mhz: 1190, Mhz Limit: 1190

Memory: 4k page, system-wide physical 3781M (43M free)
TotalPageFile size 15557M (AvailPageFile size 1M)
current process WorkingSet (physical memory assigned to process): 104M, peak: 104M
current process commit charge ("private bytes"): 159M, peak: 159M

vm_info: OpenJDK 64-Bit Server VM (21.0.12+8-LTS) for windows-amd64 JRE (21.0.12+8-LTS), built on 2026-07-14T17:50:36Z by "MicrosoftCorporation" with MS VC++ 17.14 (VS2022)

END.
